../Src/USART_program.c:46:9:MUSART_u8SetConfiguration	48	static
../Src/USART_program.c:127:10:MUSART_u8ReceiveCharSynch	24	static
../Src/USART_program.c:155:10:MUSART_u8ReceiveCharNonSynch	24	static
../Src/USART_program.c:183:10:MUSART_u8ReceiveArraySynch	24	static
../Src/USART_program.c:215:10:MUSART_u8TransmitCharSynch	24	static
../Src/USART_program.c:243:11:MUSART_u8TransmitArraySynch	24	static
../Src/USART_program.c:274:8:MUSART_voidClearFlags	16	static
../Src/USART_program.c:292:10:MUSART_u8SetCallBack	24	static
../Src/USART_program.c:309:6:USART1_IRQHandler	8	static
../Src/USART_program.c:318:6:USART2_IRQHandler	8	static
../Src/USART_program.c:327:6:USART3_IRQHandler	8	static
