Archive member included to satisfy reference by file (symbol)

c:/st/stm32cubeide_1.11.2/stm32cubeide/plugins/com.st.stm32cube.ide.mcu.externaltools.gnu-tools-for-stm32.10.3-2021.10.win32_1.0.100.202210260954/tools/bin/../lib/gcc/arm-none-eabi/10.3.1/../../../../arm-none-eabi/lib/thumb/v7-m/nofp\libc_nano.a(lib_a-errno.o)
                              ./Src/syscalls.o (__errno)
c:/st/stm32cubeide_1.11.2/stm32cubeide/plugins/com.st.stm32cube.ide.mcu.externaltools.gnu-tools-for-stm32.10.3-2021.10.win32_1.0.100.202210260954/tools/bin/../lib/gcc/arm-none-eabi/10.3.1/../../../../arm-none-eabi/lib/thumb/v7-m/nofp\libc_nano.a(lib_a-exit.o)
                              c:/st/stm32cubeide_1.11.2/stm32cubeide/plugins/com.st.stm32cube.ide.mcu.externaltools.gnu-tools-for-stm32.10.3-2021.10.win32_1.0.100.202210260954/tools/bin/../lib/gcc/arm-none-eabi/10.3.1/../../../../arm-none-eabi/lib/thumb/v7-m/nofp/crt0.o (exit)
c:/st/stm32cubeide_1.11.2/stm32cubeide/plugins/com.st.stm32cube.ide.mcu.externaltools.gnu-tools-for-stm32.10.3-2021.10.win32_1.0.100.202210260954/tools/bin/../lib/gcc/arm-none-eabi/10.3.1/../../../../arm-none-eabi/lib/thumb/v7-m/nofp\libc_nano.a(lib_a-impure.o)
                              c:/st/stm32cubeide_1.11.2/stm32cubeide/plugins/com.st.stm32cube.ide.mcu.externaltools.gnu-tools-for-stm32.10.3-2021.10.win32_1.0.100.202210260954/tools/bin/../lib/gcc/arm-none-eabi/10.3.1/../../../../arm-none-eabi/lib/thumb/v7-m/nofp\libc_nano.a(lib_a-exit.o) (_global_impure_ptr)
c:/st/stm32cubeide_1.11.2/stm32cubeide/plugins/com.st.stm32cube.ide.mcu.externaltools.gnu-tools-for-stm32.10.3-2021.10.win32_1.0.100.202210260954/tools/bin/../lib/gcc/arm-none-eabi/10.3.1/../../../../arm-none-eabi/lib/thumb/v7-m/nofp\libc_nano.a(lib_a-init.o)
                              c:/st/stm32cubeide_1.11.2/stm32cubeide/plugins/com.st.stm32cube.ide.mcu.externaltools.gnu-tools-for-stm32.10.3-2021.10.win32_1.0.100.202210260954/tools/bin/../lib/gcc/arm-none-eabi/10.3.1/../../../../arm-none-eabi/lib/thumb/v7-m/nofp/crt0.o (__libc_init_array)
c:/st/stm32cubeide_1.11.2/stm32cubeide/plugins/com.st.stm32cube.ide.mcu.externaltools.gnu-tools-for-stm32.10.3-2021.10.win32_1.0.100.202210260954/tools/bin/../lib/gcc/arm-none-eabi/10.3.1/../../../../arm-none-eabi/lib/thumb/v7-m/nofp\libc_nano.a(lib_a-memset.o)
                              c:/st/stm32cubeide_1.11.2/stm32cubeide/plugins/com.st.stm32cube.ide.mcu.externaltools.gnu-tools-for-stm32.10.3-2021.10.win32_1.0.100.202210260954/tools/bin/../lib/gcc/arm-none-eabi/10.3.1/../../../../arm-none-eabi/lib/thumb/v7-m/nofp/crt0.o (memset)
c:/st/stm32cubeide_1.11.2/stm32cubeide/plugins/com.st.stm32cube.ide.mcu.externaltools.gnu-tools-for-stm32.10.3-2021.10.win32_1.0.100.202210260954/tools/bin/../lib/gcc/arm-none-eabi/10.3.1/thumb/v7-m/nofp\libgcc.a(_aeabi_uldivmod.o)
                              ./Src/USART_program.o (__aeabi_uldivmod)
c:/st/stm32cubeide_1.11.2/stm32cubeide/plugins/com.st.stm32cube.ide.mcu.externaltools.gnu-tools-for-stm32.10.3-2021.10.win32_1.0.100.202210260954/tools/bin/../lib/gcc/arm-none-eabi/10.3.1/thumb/v7-m/nofp\libgcc.a(_udivmoddi4.o)
                              c:/st/stm32cubeide_1.11.2/stm32cubeide/plugins/com.st.stm32cube.ide.mcu.externaltools.gnu-tools-for-stm32.10.3-2021.10.win32_1.0.100.202210260954/tools/bin/../lib/gcc/arm-none-eabi/10.3.1/thumb/v7-m/nofp\libgcc.a(_aeabi_uldivmod.o) (__udivmoddi4)
c:/st/stm32cubeide_1.11.2/stm32cubeide/plugins/com.st.stm32cube.ide.mcu.externaltools.gnu-tools-for-stm32.10.3-2021.10.win32_1.0.100.202210260954/tools/bin/../lib/gcc/arm-none-eabi/10.3.1/thumb/v7-m/nofp\libgcc.a(_dvmd_tls.o)
                              c:/st/stm32cubeide_1.11.2/stm32cubeide/plugins/com.st.stm32cube.ide.mcu.externaltools.gnu-tools-for-stm32.10.3-2021.10.win32_1.0.100.202210260954/tools/bin/../lib/gcc/arm-none-eabi/10.3.1/thumb/v7-m/nofp\libgcc.a(_aeabi_uldivmod.o) (__aeabi_ldiv0)

Discarded input sections

 .text          0x0000000000000000        0x0 c:/st/stm32cubeide_1.11.2/stm32cubeide/plugins/com.st.stm32cube.ide.mcu.externaltools.gnu-tools-for-stm32.10.3-2021.10.win32_1.0.100.202210260954/tools/bin/../lib/gcc/arm-none-eabi/10.3.1/thumb/v7-m/nofp/crti.o
 .data          0x0000000000000000        0x0 c:/st/stm32cubeide_1.11.2/stm32cubeide/plugins/com.st.stm32cube.ide.mcu.externaltools.gnu-tools-for-stm32.10.3-2021.10.win32_1.0.100.202210260954/tools/bin/../lib/gcc/arm-none-eabi/10.3.1/thumb/v7-m/nofp/crti.o
 .bss           0x0000000000000000        0x0 c:/st/stm32cubeide_1.11.2/stm32cubeide/plugins/com.st.stm32cube.ide.mcu.externaltools.gnu-tools-for-stm32.10.3-2021.10.win32_1.0.100.202210260954/tools/bin/../lib/gcc/arm-none-eabi/10.3.1/thumb/v7-m/nofp/crti.o
 .data          0x0000000000000000        0x4 c:/st/stm32cubeide_1.11.2/stm32cubeide/plugins/com.st.stm32cube.ide.mcu.externaltools.gnu-tools-for-stm32.10.3-2021.10.win32_1.0.100.202210260954/tools/bin/../lib/gcc/arm-none-eabi/10.3.1/thumb/v7-m/nofp/crtbegin.o
 .rodata        0x0000000000000000       0x24 c:/st/stm32cubeide_1.11.2/stm32cubeide/plugins/com.st.stm32cube.ide.mcu.externaltools.gnu-tools-for-stm32.10.3-2021.10.win32_1.0.100.202210260954/tools/bin/../lib/gcc/arm-none-eabi/10.3.1/thumb/v7-m/nofp/crtbegin.o
 .text          0x0000000000000000       0x7c c:/st/stm32cubeide_1.11.2/stm32cubeide/plugins/com.st.stm32cube.ide.mcu.externaltools.gnu-tools-for-stm32.10.3-2021.10.win32_1.0.100.202210260954/tools/bin/../lib/gcc/arm-none-eabi/10.3.1/../../../../arm-none-eabi/lib/thumb/v7-m/nofp/crt0.o
 .data          0x0000000000000000        0x0 c:/st/stm32cubeide_1.11.2/stm32cubeide/plugins/com.st.stm32cube.ide.mcu.externaltools.gnu-tools-for-stm32.10.3-2021.10.win32_1.0.100.202210260954/tools/bin/../lib/gcc/arm-none-eabi/10.3.1/../../../../arm-none-eabi/lib/thumb/v7-m/nofp/crt0.o
 .bss           0x0000000000000000        0x0 c:/st/stm32cubeide_1.11.2/stm32cubeide/plugins/com.st.stm32cube.ide.mcu.externaltools.gnu-tools-for-stm32.10.3-2021.10.win32_1.0.100.202210260954/tools/bin/../lib/gcc/arm-none-eabi/10.3.1/../../../../arm-none-eabi/lib/thumb/v7-m/nofp/crt0.o
 .ARM.extab     0x0000000000000000        0x0 c:/st/stm32cubeide_1.11.2/stm32cubeide/plugins/com.st.stm32cube.ide.mcu.externaltools.gnu-tools-for-stm32.10.3-2021.10.win32_1.0.100.202210260954/tools/bin/../lib/gcc/arm-none-eabi/10.3.1/../../../../arm-none-eabi/lib/thumb/v7-m/nofp/crt0.o
 .ARM.exidx     0x0000000000000000       0x10 c:/st/stm32cubeide_1.11.2/stm32cubeide/plugins/com.st.stm32cube.ide.mcu.externaltools.gnu-tools-for-stm32.10.3-2021.10.win32_1.0.100.202210260954/tools/bin/../lib/gcc/arm-none-eabi/10.3.1/../../../../arm-none-eabi/lib/thumb/v7-m/nofp/crt0.o
 .ARM.attributes
                0x0000000000000000       0x1b c:/st/stm32cubeide_1.11.2/stm32cubeide/plugins/com.st.stm32cube.ide.mcu.externaltools.gnu-tools-for-stm32.10.3-2021.10.win32_1.0.100.202210260954/tools/bin/../lib/gcc/arm-none-eabi/10.3.1/../../../../arm-none-eabi/lib/thumb/v7-m/nofp/crt0.o
 .group         0x0000000000000000        0xc ./Src/AFIO_program.o
 .group         0x0000000000000000        0xc ./Src/AFIO_program.o
 .group         0x0000000000000000        0xc ./Src/AFIO_program.o
 .group         0x0000000000000000        0xc ./Src/AFIO_program.o
 .group         0x0000000000000000        0xc ./Src/AFIO_program.o
 .group         0x0000000000000000        0xc ./Src/AFIO_program.o
 .group         0x0000000000000000        0xc ./Src/AFIO_program.o
 .group         0x0000000000000000        0xc ./Src/AFIO_program.o
 .group         0x0000000000000000        0xc ./Src/AFIO_program.o
 .text          0x0000000000000000        0x0 ./Src/AFIO_program.o
 .data          0x0000000000000000        0x0 ./Src/AFIO_program.o
 .bss           0x0000000000000000        0x0 ./Src/AFIO_program.o
 .text.AFIO_voidSetEXTIPort
                0x0000000000000000       0x74 ./Src/AFIO_program.o
 .debug_info    0x0000000000000000      0x220 ./Src/AFIO_program.o
 .debug_abbrev  0x0000000000000000       0xcd ./Src/AFIO_program.o
 .debug_aranges
                0x0000000000000000       0x20 ./Src/AFIO_program.o
 .debug_ranges  0x0000000000000000       0x10 ./Src/AFIO_program.o
 .debug_macro   0x0000000000000000       0x7f ./Src/AFIO_program.o
 .debug_macro   0x0000000000000000      0xa72 ./Src/AFIO_program.o
 .debug_macro   0x0000000000000000       0x22 ./Src/AFIO_program.o
 .debug_macro   0x0000000000000000       0x8e ./Src/AFIO_program.o
 .debug_macro   0x0000000000000000       0x51 ./Src/AFIO_program.o
 .debug_macro   0x0000000000000000      0x103 ./Src/AFIO_program.o
 .debug_macro   0x0000000000000000       0x6a ./Src/AFIO_program.o
 .debug_macro   0x0000000000000000      0x1df ./Src/AFIO_program.o
 .debug_macro   0x0000000000000000      0x141 ./Src/AFIO_program.o
 .debug_macro   0x0000000000000000       0x16 ./Src/AFIO_program.o
 .debug_line    0x0000000000000000      0x3d9 ./Src/AFIO_program.o
 .debug_str     0x0000000000000000     0x4493 ./Src/AFIO_program.o
 .comment       0x0000000000000000       0x51 ./Src/AFIO_program.o
 .debug_frame   0x0000000000000000       0x38 ./Src/AFIO_program.o
 .ARM.attributes
                0x0000000000000000       0x2d ./Src/AFIO_program.o
 .group         0x0000000000000000        0xc ./Src/DMA_program.o
 .group         0x0000000000000000        0xc ./Src/DMA_program.o
 .group         0x0000000000000000        0xc ./Src/DMA_program.o
 .group         0x0000000000000000        0xc ./Src/DMA_program.o
 .group         0x0000000000000000        0xc ./Src/DMA_program.o
 .group         0x0000000000000000        0xc ./Src/DMA_program.o
 .group         0x0000000000000000        0xc ./Src/DMA_program.o
 .group         0x0000000000000000        0xc ./Src/DMA_program.o
 .group         0x0000000000000000        0xc ./Src/DMA_program.o
 .group         0x0000000000000000        0xc ./Src/DMA_program.o
 .text          0x0000000000000000        0x0 ./Src/DMA_program.o
 .data          0x0000000000000000        0x0 ./Src/DMA_program.o
 .bss           0x0000000000000000        0x0 ./Src/DMA_program.o
 .data.DMA_Arr  0x0000000000000000        0x8 ./Src/DMA_program.o
 .text.DMA_u8Init
                0x0000000000000000      0x2c8 ./Src/DMA_program.o
 .text.DMA_u8StartTransfer
                0x0000000000000000      0x130 ./Src/DMA_program.o
 .debug_macro   0x0000000000000000      0xa72 ./Src/DMA_program.o
 .debug_macro   0x0000000000000000       0x22 ./Src/DMA_program.o
 .debug_macro   0x0000000000000000       0x8e ./Src/DMA_program.o
 .debug_macro   0x0000000000000000       0x51 ./Src/DMA_program.o
 .debug_macro   0x0000000000000000      0x103 ./Src/DMA_program.o
 .debug_macro   0x0000000000000000       0x6a ./Src/DMA_program.o
 .debug_macro   0x0000000000000000      0x1df ./Src/DMA_program.o
 .group         0x0000000000000000        0xc ./Src/EXTI_program.o
 .group         0x0000000000000000        0xc ./Src/EXTI_program.o
 .group         0x0000000000000000        0xc ./Src/EXTI_program.o
 .group         0x0000000000000000        0xc ./Src/EXTI_program.o
 .group         0x0000000000000000        0xc ./Src/EXTI_program.o
 .group         0x0000000000000000        0xc ./Src/EXTI_program.o
 .group         0x0000000000000000        0xc ./Src/EXTI_program.o
 .group         0x0000000000000000        0xc ./Src/EXTI_program.o
 .group         0x0000000000000000        0xc ./Src/EXTI_program.o
 .text          0x0000000000000000        0x0 ./Src/EXTI_program.o
 .data          0x0000000000000000        0x0 ./Src/EXTI_program.o
 .bss           0x0000000000000000        0x0 ./Src/EXTI_program.o
 .text.EXTI_u8SetTrigSrc
                0x0000000000000000       0xcc ./Src/EXTI_program.o
 .text.EXTI_u8EnableInterrupt
                0x0000000000000000       0x40 ./Src/EXTI_program.o
 .text.EXTI_u8DisableInterrupt
                0x0000000000000000       0x40 ./Src/EXTI_program.o
 .text.EXTI_u8DoSoftwareInterrupt
                0x0000000000000000       0x34 ./Src/EXTI_program.o
 .text.EXTI_u8ClearPendingFlag
                0x0000000000000000       0x34 ./Src/EXTI_program.o
 .text.EXTI_u8ReadPendingFlag
                0x0000000000000000       0x44 ./Src/EXTI_program.o
 .text.EXTI_voidReadAllPendingFlag
                0x0000000000000000       0x20 ./Src/EXTI_program.o
 .debug_macro   0x0000000000000000      0xa72 ./Src/EXTI_program.o
 .debug_macro   0x0000000000000000       0x22 ./Src/EXTI_program.o
 .debug_macro   0x0000000000000000       0x8e ./Src/EXTI_program.o
 .debug_macro   0x0000000000000000       0x51 ./Src/EXTI_program.o
 .debug_macro   0x0000000000000000      0x103 ./Src/EXTI_program.o
 .debug_macro   0x0000000000000000       0x6a ./Src/EXTI_program.o
 .debug_macro   0x0000000000000000      0x1df ./Src/EXTI_program.o
 .debug_macro   0x0000000000000000      0x141 ./Src/EXTI_program.o
 .debug_macro   0x0000000000000000       0x3a ./Src/EXTI_program.o
 .group         0x0000000000000000        0xc ./Src/GPIO_program.o
 .group         0x0000000000000000        0xc ./Src/GPIO_program.o
 .group         0x0000000000000000        0xc ./Src/GPIO_program.o
 .group         0x0000000000000000        0xc ./Src/GPIO_program.o
 .group         0x0000000000000000        0xc ./Src/GPIO_program.o
 .group         0x0000000000000000        0xc ./Src/GPIO_program.o
 .group         0x0000000000000000        0xc ./Src/GPIO_program.o
 .group         0x0000000000000000        0xc ./Src/GPIO_program.o
 .group         0x0000000000000000        0xc ./Src/GPIO_program.o
 .group         0x0000000000000000        0xc ./Src/GPIO_program.o
 .text          0x0000000000000000        0x0 ./Src/GPIO_program.o
 .data          0x0000000000000000        0x0 ./Src/GPIO_program.o
 .bss           0x0000000000000000        0x0 ./Src/GPIO_program.o
 .text.GPIO_u8TogglePinValue
                0x0000000000000000       0x54 ./Src/GPIO_program.o
 .text.GPIO_u8ReadPinValue
                0x0000000000000000       0x54 ./Src/GPIO_program.o
 .debug_macro   0x0000000000000000      0xa72 ./Src/GPIO_program.o
 .debug_macro   0x0000000000000000       0x22 ./Src/GPIO_program.o
 .debug_macro   0x0000000000000000       0x8e ./Src/GPIO_program.o
 .debug_macro   0x0000000000000000       0x51 ./Src/GPIO_program.o
 .debug_macro   0x0000000000000000      0x103 ./Src/GPIO_program.o
 .debug_macro   0x0000000000000000       0x6a ./Src/GPIO_program.o
 .debug_macro   0x0000000000000000      0x1df ./Src/GPIO_program.o
 .debug_macro   0x0000000000000000       0x3a ./Src/GPIO_program.o
 .debug_macro   0x0000000000000000      0x141 ./Src/GPIO_program.o
 .group         0x0000000000000000        0xc ./Src/LCD_program.o
 .group         0x0000000000000000        0xc ./Src/LCD_program.o
 .group         0x0000000000000000        0xc ./Src/LCD_program.o
 .group         0x0000000000000000        0xc ./Src/LCD_program.o
 .group         0x0000000000000000        0xc ./Src/LCD_program.o
 .group         0x0000000000000000        0xc ./Src/LCD_program.o
 .group         0x0000000000000000        0xc ./Src/LCD_program.o
 .group         0x0000000000000000        0xc ./Src/LCD_program.o
 .group         0x0000000000000000        0xc ./Src/LCD_program.o
 .group         0x0000000000000000        0xc ./Src/LCD_program.o
 .group         0x0000000000000000        0xc ./Src/LCD_program.o
 .text          0x0000000000000000        0x0 ./Src/LCD_program.o
 .data          0x0000000000000000        0x0 ./Src/LCD_program.o
 .bss           0x0000000000000000        0x0 ./Src/LCD_program.o
 .text.HLCD_voidHiddenCursor
                0x0000000000000000       0x16 ./Src/LCD_program.o
 .text.HLCD_voidSendNumber
                0x0000000000000000       0xf4 ./Src/LCD_program.o
 .text.HLCD_voidWriteSpicalCaracter
                0x0000000000000000       0x4c ./Src/LCD_program.o
 .debug_macro   0x0000000000000000      0xa72 ./Src/LCD_program.o
 .debug_macro   0x0000000000000000       0x22 ./Src/LCD_program.o
 .debug_macro   0x0000000000000000       0x8e ./Src/LCD_program.o
 .debug_macro   0x0000000000000000       0x51 ./Src/LCD_program.o
 .debug_macro   0x0000000000000000      0x103 ./Src/LCD_program.o
 .debug_macro   0x0000000000000000       0x6a ./Src/LCD_program.o
 .debug_macro   0x0000000000000000      0x1df ./Src/LCD_program.o
 .debug_macro   0x0000000000000000       0x3a ./Src/LCD_program.o
 .group         0x0000000000000000        0xc ./Src/NVIC_program.o
 .group         0x0000000000000000        0xc ./Src/NVIC_program.o
 .group         0x0000000000000000        0xc ./Src/NVIC_program.o
 .group         0x0000000000000000        0xc ./Src/NVIC_program.o
 .group         0x0000000000000000        0xc ./Src/NVIC_program.o
 .group         0x0000000000000000        0xc ./Src/NVIC_program.o
 .group         0x0000000000000000        0xc ./Src/NVIC_program.o
 .group         0x0000000000000000        0xc ./Src/NVIC_program.o
 .group         0x0000000000000000        0xc ./Src/NVIC_program.o
 .group         0x0000000000000000        0xc ./Src/NVIC_program.o
 .group         0x0000000000000000        0xc ./Src/NVIC_program.o
 .text          0x0000000000000000        0x0 ./Src/NVIC_program.o
 .data          0x0000000000000000        0x0 ./Src/NVIC_program.o
 .bss           0x0000000000000000        0x0 ./Src/NVIC_program.o
 .text.MNVIC_u8DisableInterrupt
                0x0000000000000000       0x64 ./Src/NVIC_program.o
 .text.MNVIC_u8SetPendingFlag
                0x0000000000000000       0x64 ./Src/NVIC_program.o
 .text.MNVIC_u8ClearPendingFlag
                0x0000000000000000       0x64 ./Src/NVIC_program.o
 .text.MNVIC_u8ReadActiveFlag
                0x0000000000000000       0x70 ./Src/NVIC_program.o
 .text.MNVIC_u8SetPriority
                0x0000000000000000       0x44 ./Src/NVIC_program.o
 .debug_macro   0x0000000000000000      0xa72 ./Src/NVIC_program.o
 .debug_macro   0x0000000000000000       0x22 ./Src/NVIC_program.o
 .debug_macro   0x0000000000000000       0x8e ./Src/NVIC_program.o
 .debug_macro   0x0000000000000000       0x51 ./Src/NVIC_program.o
 .debug_macro   0x0000000000000000      0x103 ./Src/NVIC_program.o
 .debug_macro   0x0000000000000000       0x6a ./Src/NVIC_program.o
 .debug_macro   0x0000000000000000      0x1df ./Src/NVIC_program.o
 .debug_macro   0x0000000000000000       0x3a ./Src/NVIC_program.o
 .debug_macro   0x0000000000000000       0x22 ./Src/NVIC_program.o
 .debug_macro   0x0000000000000000      0x141 ./Src/NVIC_program.o
 .group         0x0000000000000000        0xc ./Src/PANDA_program.o
 .text          0x0000000000000000        0x0 ./Src/PANDA_program.o
 .data          0x0000000000000000        0x0 ./Src/PANDA_program.o
 .bss           0x0000000000000000        0x0 ./Src/PANDA_program.o
 .debug_info    0x0000000000000000       0x21 ./Src/PANDA_program.o
 .debug_abbrev  0x0000000000000000       0x13 ./Src/PANDA_program.o
 .debug_aranges
                0x0000000000000000       0x18 ./Src/PANDA_program.o
 .debug_macro   0x0000000000000000       0x11 ./Src/PANDA_program.o
 .debug_macro   0x0000000000000000      0xa72 ./Src/PANDA_program.o
 .debug_line    0x0000000000000000       0x37 ./Src/PANDA_program.o
 .debug_str     0x0000000000000000     0x2ca1 ./Src/PANDA_program.o
 .comment       0x0000000000000000       0x51 ./Src/PANDA_program.o
 .ARM.attributes
                0x0000000000000000       0x2d ./Src/PANDA_program.o
 .group         0x0000000000000000        0xc ./Src/RCC_prog.o
 .group         0x0000000000000000        0xc ./Src/RCC_prog.o
 .group         0x0000000000000000        0xc ./Src/RCC_prog.o
 .group         0x0000000000000000        0xc ./Src/RCC_prog.o
 .group         0x0000000000000000        0xc ./Src/RCC_prog.o
 .group         0x0000000000000000        0xc ./Src/RCC_prog.o
 .group         0x0000000000000000        0xc ./Src/RCC_prog.o
 .group         0x0000000000000000        0xc ./Src/RCC_prog.o
 .group         0x0000000000000000        0xc ./Src/RCC_prog.o
 .group         0x0000000000000000        0xc ./Src/RCC_prog.o
 .text          0x0000000000000000        0x0 ./Src/RCC_prog.o
 .data          0x0000000000000000        0x0 ./Src/RCC_prog.o
 .bss           0x0000000000000000        0x0 ./Src/RCC_prog.o
 .text.RCC_HSE_Config
                0x0000000000000000       0x4c ./Src/RCC_prog.o
 .text.RCC_PLL_Config
                0x0000000000000000       0x60 ./Src/RCC_prog.o
 .text.RCC_AHBEnableClock
                0x0000000000000000       0x2c ./Src/RCC_prog.o
 .text.RCC_AHBDisableClock
                0x0000000000000000       0x2c ./Src/RCC_prog.o
 .text.RCC_APB1EnableClock
                0x0000000000000000       0x2c ./Src/RCC_prog.o
 .text.RCC_APB1DisableClock
                0x0000000000000000       0x2c ./Src/RCC_prog.o
 .text.RCC_APB2DisableClock
                0x0000000000000000       0x2c ./Src/RCC_prog.o
 .debug_macro   0x0000000000000000      0xa72 ./Src/RCC_prog.o
 .debug_macro   0x0000000000000000       0x22 ./Src/RCC_prog.o
 .debug_macro   0x0000000000000000       0x8e ./Src/RCC_prog.o
 .debug_macro   0x0000000000000000       0x51 ./Src/RCC_prog.o
 .debug_macro   0x0000000000000000      0x103 ./Src/RCC_prog.o
 .debug_macro   0x0000000000000000       0x6a ./Src/RCC_prog.o
 .debug_macro   0x0000000000000000      0x1df ./Src/RCC_prog.o
 .debug_macro   0x0000000000000000      0x141 ./Src/RCC_prog.o
 .debug_macro   0x0000000000000000       0x3a ./Src/RCC_prog.o
 .group         0x0000000000000000        0xc ./Src/SCB_program.o
 .group         0x0000000000000000        0xc ./Src/SCB_program.o
 .group         0x0000000000000000        0xc ./Src/SCB_program.o
 .group         0x0000000000000000        0xc ./Src/SCB_program.o
 .group         0x0000000000000000        0xc ./Src/SCB_program.o
 .group         0x0000000000000000        0xc ./Src/SCB_program.o
 .group         0x0000000000000000        0xc ./Src/SCB_program.o
 .group         0x0000000000000000        0xc ./Src/SCB_program.o
 .group         0x0000000000000000        0xc ./Src/SCB_program.o
 .group         0x0000000000000000        0xc ./Src/SCB_program.o
 .text          0x0000000000000000        0x0 ./Src/SCB_program.o
 .data          0x0000000000000000        0x0 ./Src/SCB_program.o
 .bss           0x0000000000000000        0x0 ./Src/SCB_program.o
 .text.SCB_voidSetPriorityGroup
                0x0000000000000000       0x2c ./Src/SCB_program.o
 .text.SCB_u8setIQRprionty
                0x0000000000000000       0x40 ./Src/SCB_program.o
 .text.SCB_u8EnableFaultInterrupt
                0x0000000000000000       0x44 ./Src/SCB_program.o
 .text.SCB_u8DisableFaultInterrupt
                0x0000000000000000       0x48 ./Src/SCB_program.o
 .debug_info    0x0000000000000000      0x2e5 ./Src/SCB_program.o
 .debug_abbrev  0x0000000000000000      0x105 ./Src/SCB_program.o
 .debug_aranges
                0x0000000000000000       0x38 ./Src/SCB_program.o
 .debug_ranges  0x0000000000000000       0x28 ./Src/SCB_program.o
 .debug_macro   0x0000000000000000       0x88 ./Src/SCB_program.o
 .debug_macro   0x0000000000000000      0xa72 ./Src/SCB_program.o
 .debug_macro   0x0000000000000000       0x22 ./Src/SCB_program.o
 .debug_macro   0x0000000000000000       0x8e ./Src/SCB_program.o
 .debug_macro   0x0000000000000000       0x51 ./Src/SCB_program.o
 .debug_macro   0x0000000000000000      0x103 ./Src/SCB_program.o
 .debug_macro   0x0000000000000000       0x6a ./Src/SCB_program.o
 .debug_macro   0x0000000000000000      0x1df ./Src/SCB_program.o
 .debug_macro   0x0000000000000000      0x141 ./Src/SCB_program.o
 .debug_macro   0x0000000000000000       0x3a ./Src/SCB_program.o
 .debug_macro   0x0000000000000000       0x10 ./Src/SCB_program.o
 .debug_line    0x0000000000000000      0x461 ./Src/SCB_program.o
 .debug_str     0x0000000000000000     0x454d ./Src/SCB_program.o
 .comment       0x0000000000000000       0x51 ./Src/SCB_program.o
 .debug_frame   0x0000000000000000       0xb0 ./Src/SCB_program.o
 .ARM.attributes
                0x0000000000000000       0x2d ./Src/SCB_program.o
 .group         0x0000000000000000        0xc ./Src/SPI_program.o
 .group         0x0000000000000000        0xc ./Src/SPI_program.o
 .group         0x0000000000000000        0xc ./Src/SPI_program.o
 .group         0x0000000000000000        0xc ./Src/SPI_program.o
 .group         0x0000000000000000        0xc ./Src/SPI_program.o
 .group         0x0000000000000000        0xc ./Src/SPI_program.o
 .group         0x0000000000000000        0xc ./Src/SPI_program.o
 .group         0x0000000000000000        0xc ./Src/SPI_program.o
 .group         0x0000000000000000        0xc ./Src/SPI_program.o
 .group         0x0000000000000000        0xc ./Src/SPI_program.o
 .group         0x0000000000000000        0xc ./Src/SPI_program.o
 .group         0x0000000000000000        0xc ./Src/SPI_program.o
 .text          0x0000000000000000        0x0 ./Src/SPI_program.o
 .data          0x0000000000000000        0x0 ./Src/SPI_program.o
 .bss           0x0000000000000000        0x0 ./Src/SPI_program.o
 .text.MSPI_u8RXinterruptStatus
                0x0000000000000000       0x58 ./Src/SPI_program.o
 .text.MSPI_u8SendReceiveSynch
                0x0000000000000000       0x8c ./Src/SPI_program.o
 .text.MSPI_u8ReceiveArraySynch
                0x0000000000000000       0x60 ./Src/SPI_program.o
 .debug_macro   0x0000000000000000      0xa72 ./Src/SPI_program.o
 .debug_macro   0x0000000000000000       0x22 ./Src/SPI_program.o
 .debug_macro   0x0000000000000000       0x8e ./Src/SPI_program.o
 .debug_macro   0x0000000000000000       0x51 ./Src/SPI_program.o
 .debug_macro   0x0000000000000000      0x103 ./Src/SPI_program.o
 .debug_macro   0x0000000000000000       0x6a ./Src/SPI_program.o
 .debug_macro   0x0000000000000000      0x1df ./Src/SPI_program.o
 .debug_macro   0x0000000000000000       0x3a ./Src/SPI_program.o
 .debug_macro   0x0000000000000000       0x22 ./Src/SPI_program.o
 .debug_macro   0x0000000000000000      0x141 ./Src/SPI_program.o
 .group         0x0000000000000000        0xc ./Src/STK_program.o
 .group         0x0000000000000000        0xc ./Src/STK_program.o
 .group         0x0000000000000000        0xc ./Src/STK_program.o
 .group         0x0000000000000000        0xc ./Src/STK_program.o
 .group         0x0000000000000000        0xc ./Src/STK_program.o
 .group         0x0000000000000000        0xc ./Src/STK_program.o
 .group         0x0000000000000000        0xc ./Src/STK_program.o
 .group         0x0000000000000000        0xc ./Src/STK_program.o
 .group         0x0000000000000000        0xc ./Src/STK_program.o
 .group         0x0000000000000000        0xc ./Src/STK_program.o
 .group         0x0000000000000000        0xc ./Src/STK_program.o
 .text          0x0000000000000000        0x0 ./Src/STK_program.o
 .data          0x0000000000000000        0x0 ./Src/STK_program.o
 .bss           0x0000000000000000        0x0 ./Src/STK_program.o
 .text.STK_u8Delayms
                0x0000000000000000       0x38 ./Src/STK_program.o
 .text.MSTK_voidStopInterval
                0x0000000000000000       0x34 ./Src/STK_program.o
 .text.MSTK_u8GetElapsedTime
                0x0000000000000000       0x38 ./Src/STK_program.o
 .text.MSTK_u8GetRemainingTime
                0x0000000000000000       0x30 ./Src/STK_program.o
 .debug_macro   0x0000000000000000      0xa72 ./Src/STK_program.o
 .debug_macro   0x0000000000000000       0x22 ./Src/STK_program.o
 .debug_macro   0x0000000000000000       0x8e ./Src/STK_program.o
 .debug_macro   0x0000000000000000       0x51 ./Src/STK_program.o
 .debug_macro   0x0000000000000000      0x103 ./Src/STK_program.o
 .debug_macro   0x0000000000000000       0x6a ./Src/STK_program.o
 .debug_macro   0x0000000000000000      0x1df ./Src/STK_program.o
 .debug_macro   0x0000000000000000       0x3a ./Src/STK_program.o
 .debug_macro   0x0000000000000000       0x22 ./Src/STK_program.o
 .debug_macro   0x0000000000000000      0x141 ./Src/STK_program.o
 .group         0x0000000000000000        0xc ./Src/USART_program.o
 .group         0x0000000000000000        0xc ./Src/USART_program.o
 .group         0x0000000000000000        0xc ./Src/USART_program.o
 .group         0x0000000000000000        0xc ./Src/USART_program.o
 .group         0x0000000000000000        0xc ./Src/USART_program.o
 .group         0x0000000000000000        0xc ./Src/USART_program.o
 .group         0x0000000000000000        0xc ./Src/USART_program.o
 .group         0x0000000000000000        0xc ./Src/USART_program.o
 .group         0x0000000000000000        0xc ./Src/USART_program.o
 .group         0x0000000000000000        0xc ./Src/USART_program.o
 .group         0x0000000000000000        0xc ./Src/USART_program.o
 .group         0x0000000000000000        0xc ./Src/USART_program.o
 .text          0x0000000000000000        0x0 ./Src/USART_program.o
 .data          0x0000000000000000        0x0 ./Src/USART_program.o
 .bss           0x0000000000000000        0x0 ./Src/USART_program.o
 .text.MUSART_u8SetConfiguration
                0x0000000000000000      0x408 ./Src/USART_program.o
 .text.MUSART_u8ReceiveCharSynch
                0x0000000000000000       0x6c ./Src/USART_program.o
 .text.MUSART_u8ReceiveCharNonSynch
                0x0000000000000000       0x50 ./Src/USART_program.o
 .text.MUSART_u8ReceiveArraySynch
                0x0000000000000000       0x4e ./Src/USART_program.o
 .text.MUSART_u8TransmitCharSynch
                0x0000000000000000       0x60 ./Src/USART_program.o
 .text.MUSART_u8TransmitArraySynch
                0x0000000000000000       0x50 ./Src/USART_program.o
 .text.MUSART_u8SetCallBack
                0x0000000000000000       0x38 ./Src/USART_program.o
 .debug_macro   0x0000000000000000      0xa72 ./Src/USART_program.o
 .debug_macro   0x0000000000000000       0x22 ./Src/USART_program.o
 .debug_macro   0x0000000000000000       0x8e ./Src/USART_program.o
 .debug_macro   0x0000000000000000       0x51 ./Src/USART_program.o
 .debug_macro   0x0000000000000000      0x103 ./Src/USART_program.o
 .debug_macro   0x0000000000000000       0x6a ./Src/USART_program.o
 .debug_macro   0x0000000000000000      0x1df ./Src/USART_program.o
 .debug_macro   0x0000000000000000       0x3a ./Src/USART_program.o
 .debug_macro   0x0000000000000000       0x22 ./Src/USART_program.o
 .debug_macro   0x0000000000000000      0x141 ./Src/USART_program.o
 .group         0x0000000000000000        0xc ./Src/main.o
 .group         0x0000000000000000        0xc ./Src/main.o
 .group         0x0000000000000000        0xc ./Src/main.o
 .group         0x0000000000000000        0xc ./Src/main.o
 .group         0x0000000000000000        0xc ./Src/main.o
 .group         0x0000000000000000        0xc ./Src/main.o
 .group         0x0000000000000000        0xc ./Src/main.o
 .text          0x0000000000000000        0x0 ./Src/main.o
 .data          0x0000000000000000        0x0 ./Src/main.o
 .bss           0x0000000000000000        0x0 ./Src/main.o
 .debug_macro   0x0000000000000000      0xa72 ./Src/main.o
 .debug_macro   0x0000000000000000       0x22 ./Src/main.o
 .debug_macro   0x0000000000000000       0x8e ./Src/main.o
 .debug_macro   0x0000000000000000       0x51 ./Src/main.o
 .debug_macro   0x0000000000000000      0x103 ./Src/main.o
 .debug_macro   0x0000000000000000       0x6a ./Src/main.o
 .debug_macro   0x0000000000000000      0x1df ./Src/main.o
 .group         0x0000000000000000        0xc ./Src/syscalls.o
 .group         0x0000000000000000        0xc ./Src/syscalls.o
 .group         0x0000000000000000        0xc ./Src/syscalls.o
 .group         0x0000000000000000        0xc ./Src/syscalls.o
 .group         0x0000000000000000        0xc ./Src/syscalls.o
 .group         0x0000000000000000        0xc ./Src/syscalls.o
 .group         0x0000000000000000        0xc ./Src/syscalls.o
 .group         0x0000000000000000        0xc ./Src/syscalls.o
 .group         0x0000000000000000        0xc ./Src/syscalls.o
 .group         0x0000000000000000        0xc ./Src/syscalls.o
 .group         0x0000000000000000        0xc ./Src/syscalls.o
 .group         0x0000000000000000        0xc ./Src/syscalls.o
 .group         0x0000000000000000        0xc ./Src/syscalls.o
 .group         0x0000000000000000        0xc ./Src/syscalls.o
 .group         0x0000000000000000        0xc ./Src/syscalls.o
 .group         0x0000000000000000        0xc ./Src/syscalls.o
 .group         0x0000000000000000        0xc ./Src/syscalls.o
 .group         0x0000000000000000        0xc ./Src/syscalls.o
 .group         0x0000000000000000        0xc ./Src/syscalls.o
 .group         0x0000000000000000        0xc ./Src/syscalls.o
 .group         0x0000000000000000        0xc ./Src/syscalls.o
 .group         0x0000000000000000        0xc ./Src/syscalls.o
 .group         0x0000000000000000        0xc ./Src/syscalls.o
 .group         0x0000000000000000        0xc ./Src/syscalls.o
 .group         0x0000000000000000        0xc ./Src/syscalls.o
 .group         0x0000000000000000        0xc ./Src/syscalls.o
 .group         0x0000000000000000        0xc ./Src/syscalls.o
 .group         0x0000000000000000        0xc ./Src/syscalls.o
 .group         0x0000000000000000        0xc ./Src/syscalls.o
 .group         0x0000000000000000        0xc ./Src/syscalls.o
 .group         0x0000000000000000        0xc ./Src/syscalls.o
 .group         0x0000000000000000        0xc ./Src/syscalls.o
 .group         0x0000000000000000        0xc ./Src/syscalls.o
 .group         0x0000000000000000        0xc ./Src/syscalls.o
 .group         0x0000000000000000        0xc ./Src/syscalls.o
 .group         0x0000000000000000        0xc ./Src/syscalls.o
 .group         0x0000000000000000        0xc ./Src/syscalls.o
 .group         0x0000000000000000        0xc ./Src/syscalls.o
 .group         0x0000000000000000        0xc ./Src/syscalls.o
 .group         0x0000000000000000        0xc ./Src/syscalls.o
 .group         0x0000000000000000        0xc ./Src/syscalls.o
 .group         0x0000000000000000        0xc ./Src/syscalls.o
 .group         0x0000000000000000        0xc ./Src/syscalls.o
 .group         0x0000000000000000        0xc ./Src/syscalls.o
 .group         0x0000000000000000        0xc ./Src/syscalls.o
 .group         0x0000000000000000        0xc ./Src/syscalls.o
 .group         0x0000000000000000        0xc ./Src/syscalls.o
 .text          0x0000000000000000        0x0 ./Src/syscalls.o
 .data          0x0000000000000000        0x0 ./Src/syscalls.o
 .bss           0x0000000000000000        0x0 ./Src/syscalls.o
 .bss.__env     0x0000000000000000        0x4 ./Src/syscalls.o
 .data.environ  0x0000000000000000        0x4 ./Src/syscalls.o
 .text.initialise_monitor_handles
                0x0000000000000000        0xc ./Src/syscalls.o
 .text._getpid  0x0000000000000000        0xe ./Src/syscalls.o
 .text._kill    0x0000000000000000       0x20 ./Src/syscalls.o
 .text._exit    0x0000000000000000       0x14 ./Src/syscalls.o
 .text._read    0x0000000000000000       0x3a ./Src/syscalls.o
 .text._write   0x0000000000000000       0x38 ./Src/syscalls.o
 .text._close   0x0000000000000000       0x16 ./Src/syscalls.o
 .text._fstat   0x0000000000000000       0x1e ./Src/syscalls.o
 .text._isatty  0x0000000000000000       0x14 ./Src/syscalls.o
 .text._lseek   0x0000000000000000       0x18 ./Src/syscalls.o
 .text._open    0x0000000000000000       0x1a ./Src/syscalls.o
 .text._wait    0x0000000000000000       0x1e ./Src/syscalls.o
 .text._unlink  0x0000000000000000       0x1e ./Src/syscalls.o
 .text._times   0x0000000000000000       0x16 ./Src/syscalls.o
 .text._stat    0x0000000000000000       0x1e ./Src/syscalls.o
 .text._link    0x0000000000000000       0x20 ./Src/syscalls.o
 .text._fork    0x0000000000000000       0x16 ./Src/syscalls.o
 .text._execve  0x0000000000000000       0x22 ./Src/syscalls.o
 .debug_info    0x0000000000000000      0x6e0 ./Src/syscalls.o
 .debug_abbrev  0x0000000000000000      0x1b3 ./Src/syscalls.o
 .debug_aranges
                0x0000000000000000       0xa8 ./Src/syscalls.o
 .debug_ranges  0x0000000000000000       0x98 ./Src/syscalls.o
 .debug_macro   0x0000000000000000      0x24c ./Src/syscalls.o
 .debug_macro   0x0000000000000000      0xa72 ./Src/syscalls.o
 .debug_macro   0x0000000000000000       0x22 ./Src/syscalls.o
 .debug_macro   0x0000000000000000       0x4c ./Src/syscalls.o
 .debug_macro   0x0000000000000000       0x18 ./Src/syscalls.o
 .debug_macro   0x0000000000000000       0x94 ./Src/syscalls.o
 .debug_macro   0x0000000000000000       0x3c ./Src/syscalls.o
 .debug_macro   0x0000000000000000       0x34 ./Src/syscalls.o
 .debug_macro   0x0000000000000000       0x57 ./Src/syscalls.o
 .debug_macro   0x0000000000000000      0x174 ./Src/syscalls.o
 .debug_macro   0x0000000000000000      0x341 ./Src/syscalls.o
 .debug_macro   0x0000000000000000       0x16 ./Src/syscalls.o
 .debug_macro   0x0000000000000000       0x43 ./Src/syscalls.o
 .debug_macro   0x0000000000000000       0x34 ./Src/syscalls.o
 .debug_macro   0x0000000000000000       0x10 ./Src/syscalls.o
 .debug_macro   0x0000000000000000       0x58 ./Src/syscalls.o
 .debug_macro   0x0000000000000000       0x71 ./Src/syscalls.o
 .debug_macro   0x0000000000000000       0x1c ./Src/syscalls.o
 .debug_macro   0x0000000000000000      0x12a ./Src/syscalls.o
 .debug_macro   0x0000000000000000       0x10 ./Src/syscalls.o
 .debug_macro   0x0000000000000000       0x35 ./Src/syscalls.o
 .debug_macro   0x0000000000000000       0x10 ./Src/syscalls.o
 .debug_macro   0x0000000000000000       0x10 ./Src/syscalls.o
 .debug_macro   0x0000000000000000       0x10 ./Src/syscalls.o
 .debug_macro   0x0000000000000000       0x6a ./Src/syscalls.o
 .debug_macro   0x0000000000000000       0x1c ./Src/syscalls.o
 .debug_macro   0x0000000000000000       0x52 ./Src/syscalls.o
 .debug_macro   0x0000000000000000       0x22 ./Src/syscalls.o
 .debug_macro   0x0000000000000000       0x10 ./Src/syscalls.o
 .debug_macro   0x0000000000000000       0x52 ./Src/syscalls.o
 .debug_macro   0x0000000000000000       0xd5 ./Src/syscalls.o
 .debug_macro   0x0000000000000000       0x1c ./Src/syscalls.o
 .debug_macro   0x0000000000000000       0x3d ./Src/syscalls.o
 .debug_macro   0x0000000000000000       0x35 ./Src/syscalls.o
 .debug_macro   0x0000000000000000      0x12c ./Src/syscalls.o
 .debug_macro   0x0000000000000000       0x16 ./Src/syscalls.o
 .debug_macro   0x0000000000000000       0x16 ./Src/syscalls.o
 .debug_macro   0x0000000000000000       0x29 ./Src/syscalls.o
 .debug_macro   0x0000000000000000       0x10 ./Src/syscalls.o
 .debug_macro   0x0000000000000000      0x241 ./Src/syscalls.o
 .debug_macro   0x0000000000000000       0x1c ./Src/syscalls.o
 .debug_macro   0x0000000000000000       0x10 ./Src/syscalls.o
 .debug_macro   0x0000000000000000       0x10 ./Src/syscalls.o
 .debug_macro   0x0000000000000000       0x16 ./Src/syscalls.o
 .debug_macro   0x0000000000000000      0x145 ./Src/syscalls.o
 .debug_macro   0x0000000000000000      0x189 ./Src/syscalls.o
 .debug_macro   0x0000000000000000       0x16 ./Src/syscalls.o
 .debug_macro   0x0000000000000000       0xce ./Src/syscalls.o
 .debug_line    0x0000000000000000      0x7f9 ./Src/syscalls.o
 .debug_str     0x0000000000000000     0x8a20 ./Src/syscalls.o
 .comment       0x0000000000000000       0x51 ./Src/syscalls.o
 .debug_frame   0x0000000000000000      0x2ac ./Src/syscalls.o
 .ARM.attributes
                0x0000000000000000       0x2d ./Src/syscalls.o
 .group         0x0000000000000000        0xc ./Src/sysmem.o
 .group         0x0000000000000000        0xc ./Src/sysmem.o
 .group         0x0000000000000000        0xc ./Src/sysmem.o
 .group         0x0000000000000000        0xc ./Src/sysmem.o
 .group         0x0000000000000000        0xc ./Src/sysmem.o
 .group         0x0000000000000000        0xc ./Src/sysmem.o
 .group         0x0000000000000000        0xc ./Src/sysmem.o
 .group         0x0000000000000000        0xc ./Src/sysmem.o
 .group         0x0000000000000000        0xc ./Src/sysmem.o
 .group         0x0000000000000000        0xc ./Src/sysmem.o
 .group         0x0000000000000000        0xc ./Src/sysmem.o
 .group         0x0000000000000000        0xc ./Src/sysmem.o
 .group         0x0000000000000000        0xc ./Src/sysmem.o
 .group         0x0000000000000000        0xc ./Src/sysmem.o
 .group         0x0000000000000000        0xc ./Src/sysmem.o
 .group         0x0000000000000000        0xc ./Src/sysmem.o
 .group         0x0000000000000000        0xc ./Src/sysmem.o
 .group         0x0000000000000000        0xc ./Src/sysmem.o
 .group         0x0000000000000000        0xc ./Src/sysmem.o
 .group         0x0000000000000000        0xc ./Src/sysmem.o
 .group         0x0000000000000000        0xc ./Src/sysmem.o
 .group         0x0000000000000000        0xc ./Src/sysmem.o
 .text          0x0000000000000000        0x0 ./Src/sysmem.o
 .data          0x0000000000000000        0x0 ./Src/sysmem.o
 .bss           0x0000000000000000        0x0 ./Src/sysmem.o
 .bss.__sbrk_heap_end
                0x0000000000000000        0x4 ./Src/sysmem.o
 .text._sbrk    0x0000000000000000       0x6c ./Src/sysmem.o
 .debug_info    0x0000000000000000      0x171 ./Src/sysmem.o
 .debug_abbrev  0x0000000000000000       0xbb ./Src/sysmem.o
 .debug_aranges
                0x0000000000000000       0x20 ./Src/sysmem.o
 .debug_ranges  0x0000000000000000       0x10 ./Src/sysmem.o
 .debug_macro   0x0000000000000000       0xff ./Src/sysmem.o
 .debug_macro   0x0000000000000000      0xa72 ./Src/sysmem.o
 .debug_macro   0x0000000000000000       0x10 ./Src/sysmem.o
 .debug_macro   0x0000000000000000       0x22 ./Src/sysmem.o
 .debug_macro   0x0000000000000000       0x4c ./Src/sysmem.o
 .debug_macro   0x0000000000000000       0x18 ./Src/sysmem.o
 .debug_macro   0x0000000000000000       0x94 ./Src/sysmem.o
 .debug_macro   0x0000000000000000       0x3c ./Src/sysmem.o
 .debug_macro   0x0000000000000000       0x34 ./Src/sysmem.o
 .debug_macro   0x0000000000000000      0x174 ./Src/sysmem.o
 .debug_macro   0x0000000000000000       0x16 ./Src/sysmem.o
 .debug_macro   0x0000000000000000       0x43 ./Src/sysmem.o
 .debug_macro   0x0000000000000000       0x57 ./Src/sysmem.o
 .debug_macro   0x0000000000000000       0x34 ./Src/sysmem.o
 .debug_macro   0x0000000000000000       0x10 ./Src/sysmem.o
 .debug_macro   0x0000000000000000       0x58 ./Src/sysmem.o
 .debug_macro   0x0000000000000000       0x71 ./Src/sysmem.o
 .debug_macro   0x0000000000000000       0x1c ./Src/sysmem.o
 .debug_macro   0x0000000000000000      0x12a ./Src/sysmem.o
 .debug_macro   0x0000000000000000      0x23b ./Src/sysmem.o
 .debug_macro   0x0000000000000000      0x103 ./Src/sysmem.o
 .debug_macro   0x0000000000000000       0x6a ./Src/sysmem.o
 .debug_macro   0x0000000000000000      0x1df ./Src/sysmem.o
 .debug_line    0x0000000000000000      0x4ef ./Src/sysmem.o
 .debug_str     0x0000000000000000     0x5d5c ./Src/sysmem.o
 .comment       0x0000000000000000       0x51 ./Src/sysmem.o
 .debug_frame   0x0000000000000000       0x34 ./Src/sysmem.o
 .ARM.attributes
                0x0000000000000000       0x2d ./Src/sysmem.o
 .text          0x0000000000000000       0x14 ./Startup/startup_stm32f103c8tx.o
 .data          0x0000000000000000        0x0 ./Startup/startup_stm32f103c8tx.o
 .bss           0x0000000000000000        0x0 ./Startup/startup_stm32f103c8tx.o
 .text          0x0000000000000000        0x0 c:/st/stm32cubeide_1.11.2/stm32cubeide/plugins/com.st.stm32cube.ide.mcu.externaltools.gnu-tools-for-stm32.10.3-2021.10.win32_1.0.100.202210260954/tools/bin/../lib/gcc/arm-none-eabi/10.3.1/../../../../arm-none-eabi/lib/thumb/v7-m/nofp\libc_nano.a(lib_a-errno.o)
 .data          0x0000000000000000        0x0 c:/st/stm32cubeide_1.11.2/stm32cubeide/plugins/com.st.stm32cube.ide.mcu.externaltools.gnu-tools-for-stm32.10.3-2021.10.win32_1.0.100.202210260954/tools/bin/../lib/gcc/arm-none-eabi/10.3.1/../../../../arm-none-eabi/lib/thumb/v7-m/nofp\libc_nano.a(lib_a-errno.o)
 .bss           0x0000000000000000        0x0 c:/st/stm32cubeide_1.11.2/stm32cubeide/plugins/com.st.stm32cube.ide.mcu.externaltools.gnu-tools-for-stm32.10.3-2021.10.win32_1.0.100.202210260954/tools/bin/../lib/gcc/arm-none-eabi/10.3.1/../../../../arm-none-eabi/lib/thumb/v7-m/nofp\libc_nano.a(lib_a-errno.o)
 .text.__errno  0x0000000000000000        0xc c:/st/stm32cubeide_1.11.2/stm32cubeide/plugins/com.st.stm32cube.ide.mcu.externaltools.gnu-tools-for-stm32.10.3-2021.10.win32_1.0.100.202210260954/tools/bin/../lib/gcc/arm-none-eabi/10.3.1/../../../../arm-none-eabi/lib/thumb/v7-m/nofp\libc_nano.a(lib_a-errno.o)
 .debug_frame   0x0000000000000000       0x20 c:/st/stm32cubeide_1.11.2/stm32cubeide/plugins/com.st.stm32cube.ide.mcu.externaltools.gnu-tools-for-stm32.10.3-2021.10.win32_1.0.100.202210260954/tools/bin/../lib/gcc/arm-none-eabi/10.3.1/../../../../arm-none-eabi/lib/thumb/v7-m/nofp\libc_nano.a(lib_a-errno.o)
 .ARM.attributes
                0x0000000000000000       0x2d c:/st/stm32cubeide_1.11.2/stm32cubeide/plugins/com.st.stm32cube.ide.mcu.externaltools.gnu-tools-for-stm32.10.3-2021.10.win32_1.0.100.202210260954/tools/bin/../lib/gcc/arm-none-eabi/10.3.1/../../../../arm-none-eabi/lib/thumb/v7-m/nofp\libc_nano.a(lib_a-errno.o)
 .text          0x0000000000000000        0x0 c:/st/stm32cubeide_1.11.2/stm32cubeide/plugins/com.st.stm32cube.ide.mcu.externaltools.gnu-tools-for-stm32.10.3-2021.10.win32_1.0.100.202210260954/tools/bin/../lib/gcc/arm-none-eabi/10.3.1/../../../../arm-none-eabi/lib/thumb/v7-m/nofp\libc_nano.a(lib_a-exit.o)
 .data          0x0000000000000000        0x0 c:/st/stm32cubeide_1.11.2/stm32cubeide/plugins/com.st.stm32cube.ide.mcu.externaltools.gnu-tools-for-stm32.10.3-2021.10.win32_1.0.100.202210260954/tools/bin/../lib/gcc/arm-none-eabi/10.3.1/../../../../arm-none-eabi/lib/thumb/v7-m/nofp\libc_nano.a(lib_a-exit.o)
 .bss           0x0000000000000000        0x0 c:/st/stm32cubeide_1.11.2/stm32cubeide/plugins/com.st.stm32cube.ide.mcu.externaltools.gnu-tools-for-stm32.10.3-2021.10.win32_1.0.100.202210260954/tools/bin/../lib/gcc/arm-none-eabi/10.3.1/../../../../arm-none-eabi/lib/thumb/v7-m/nofp\libc_nano.a(lib_a-exit.o)
 .text.exit     0x0000000000000000       0x28 c:/st/stm32cubeide_1.11.2/stm32cubeide/plugins/com.st.stm32cube.ide.mcu.externaltools.gnu-tools-for-stm32.10.3-2021.10.win32_1.0.100.202210260954/tools/bin/../lib/gcc/arm-none-eabi/10.3.1/../../../../arm-none-eabi/lib/thumb/v7-m/nofp\libc_nano.a(lib_a-exit.o)
 .debug_frame   0x0000000000000000       0x28 c:/st/stm32cubeide_1.11.2/stm32cubeide/plugins/com.st.stm32cube.ide.mcu.externaltools.gnu-tools-for-stm32.10.3-2021.10.win32_1.0.100.202210260954/tools/bin/../lib/gcc/arm-none-eabi/10.3.1/../../../../arm-none-eabi/lib/thumb/v7-m/nofp\libc_nano.a(lib_a-exit.o)
 .ARM.attributes
                0x0000000000000000       0x2d c:/st/stm32cubeide_1.11.2/stm32cubeide/plugins/com.st.stm32cube.ide.mcu.externaltools.gnu-tools-for-stm32.10.3-2021.10.win32_1.0.100.202210260954/tools/bin/../lib/gcc/arm-none-eabi/10.3.1/../../../../arm-none-eabi/lib/thumb/v7-m/nofp\libc_nano.a(lib_a-exit.o)
 .text          0x0000000000000000        0x0 c:/st/stm32cubeide_1.11.2/stm32cubeide/plugins/com.st.stm32cube.ide.mcu.externaltools.gnu-tools-for-stm32.10.3-2021.10.win32_1.0.100.202210260954/tools/bin/../lib/gcc/arm-none-eabi/10.3.1/../../../../arm-none-eabi/lib/thumb/v7-m/nofp\libc_nano.a(lib_a-impure.o)
 .data          0x0000000000000000        0x0 c:/st/stm32cubeide_1.11.2/stm32cubeide/plugins/com.st.stm32cube.ide.mcu.externaltools.gnu-tools-for-stm32.10.3-2021.10.win32_1.0.100.202210260954/tools/bin/../lib/gcc/arm-none-eabi/10.3.1/../../../../arm-none-eabi/lib/thumb/v7-m/nofp\libc_nano.a(lib_a-impure.o)
 .bss           0x0000000000000000        0x0 c:/st/stm32cubeide_1.11.2/stm32cubeide/plugins/com.st.stm32cube.ide.mcu.externaltools.gnu-tools-for-stm32.10.3-2021.10.win32_1.0.100.202210260954/tools/bin/../lib/gcc/arm-none-eabi/10.3.1/../../../../arm-none-eabi/lib/thumb/v7-m/nofp\libc_nano.a(lib_a-impure.o)
 .data._impure_ptr
                0x0000000000000000        0x4 c:/st/stm32cubeide_1.11.2/stm32cubeide/plugins/com.st.stm32cube.ide.mcu.externaltools.gnu-tools-for-stm32.10.3-2021.10.win32_1.0.100.202210260954/tools/bin/../lib/gcc/arm-none-eabi/10.3.1/../../../../arm-none-eabi/lib/thumb/v7-m/nofp\libc_nano.a(lib_a-impure.o)
 .data.impure_data
                0x0000000000000000       0x60 c:/st/stm32cubeide_1.11.2/stm32cubeide/plugins/com.st.stm32cube.ide.mcu.externaltools.gnu-tools-for-stm32.10.3-2021.10.win32_1.0.100.202210260954/tools/bin/../lib/gcc/arm-none-eabi/10.3.1/../../../../arm-none-eabi/lib/thumb/v7-m/nofp\libc_nano.a(lib_a-impure.o)
 .rodata._global_impure_ptr
                0x0000000000000000        0x4 c:/st/stm32cubeide_1.11.2/stm32cubeide/plugins/com.st.stm32cube.ide.mcu.externaltools.gnu-tools-for-stm32.10.3-2021.10.win32_1.0.100.202210260954/tools/bin/../lib/gcc/arm-none-eabi/10.3.1/../../../../arm-none-eabi/lib/thumb/v7-m/nofp\libc_nano.a(lib_a-impure.o)
 .ARM.attributes
                0x0000000000000000       0x2d c:/st/stm32cubeide_1.11.2/stm32cubeide/plugins/com.st.stm32cube.ide.mcu.externaltools.gnu-tools-for-stm32.10.3-2021.10.win32_1.0.100.202210260954/tools/bin/../lib/gcc/arm-none-eabi/10.3.1/../../../../arm-none-eabi/lib/thumb/v7-m/nofp\libc_nano.a(lib_a-impure.o)
 .text          0x0000000000000000        0x0 c:/st/stm32cubeide_1.11.2/stm32cubeide/plugins/com.st.stm32cube.ide.mcu.externaltools.gnu-tools-for-stm32.10.3-2021.10.win32_1.0.100.202210260954/tools/bin/../lib/gcc/arm-none-eabi/10.3.1/../../../../arm-none-eabi/lib/thumb/v7-m/nofp\libc_nano.a(lib_a-init.o)
 .data          0x0000000000000000        0x0 c:/st/stm32cubeide_1.11.2/stm32cubeide/plugins/com.st.stm32cube.ide.mcu.externaltools.gnu-tools-for-stm32.10.3-2021.10.win32_1.0.100.202210260954/tools/bin/../lib/gcc/arm-none-eabi/10.3.1/../../../../arm-none-eabi/lib/thumb/v7-m/nofp\libc_nano.a(lib_a-init.o)
 .bss           0x0000000000000000        0x0 c:/st/stm32cubeide_1.11.2/stm32cubeide/plugins/com.st.stm32cube.ide.mcu.externaltools.gnu-tools-for-stm32.10.3-2021.10.win32_1.0.100.202210260954/tools/bin/../lib/gcc/arm-none-eabi/10.3.1/../../../../arm-none-eabi/lib/thumb/v7-m/nofp\libc_nano.a(lib_a-init.o)
 .text          0x0000000000000000        0x0 c:/st/stm32cubeide_1.11.2/stm32cubeide/plugins/com.st.stm32cube.ide.mcu.externaltools.gnu-tools-for-stm32.10.3-2021.10.win32_1.0.100.202210260954/tools/bin/../lib/gcc/arm-none-eabi/10.3.1/../../../../arm-none-eabi/lib/thumb/v7-m/nofp\libc_nano.a(lib_a-memset.o)
 .data          0x0000000000000000        0x0 c:/st/stm32cubeide_1.11.2/stm32cubeide/plugins/com.st.stm32cube.ide.mcu.externaltools.gnu-tools-for-stm32.10.3-2021.10.win32_1.0.100.202210260954/tools/bin/../lib/gcc/arm-none-eabi/10.3.1/../../../../arm-none-eabi/lib/thumb/v7-m/nofp\libc_nano.a(lib_a-memset.o)
 .bss           0x0000000000000000        0x0 c:/st/stm32cubeide_1.11.2/stm32cubeide/plugins/com.st.stm32cube.ide.mcu.externaltools.gnu-tools-for-stm32.10.3-2021.10.win32_1.0.100.202210260954/tools/bin/../lib/gcc/arm-none-eabi/10.3.1/../../../../arm-none-eabi/lib/thumb/v7-m/nofp\libc_nano.a(lib_a-memset.o)
 .text.memset   0x0000000000000000       0x10 c:/st/stm32cubeide_1.11.2/stm32cubeide/plugins/com.st.stm32cube.ide.mcu.externaltools.gnu-tools-for-stm32.10.3-2021.10.win32_1.0.100.202210260954/tools/bin/../lib/gcc/arm-none-eabi/10.3.1/../../../../arm-none-eabi/lib/thumb/v7-m/nofp\libc_nano.a(lib_a-memset.o)
 .debug_frame   0x0000000000000000       0x20 c:/st/stm32cubeide_1.11.2/stm32cubeide/plugins/com.st.stm32cube.ide.mcu.externaltools.gnu-tools-for-stm32.10.3-2021.10.win32_1.0.100.202210260954/tools/bin/../lib/gcc/arm-none-eabi/10.3.1/../../../../arm-none-eabi/lib/thumb/v7-m/nofp\libc_nano.a(lib_a-memset.o)
 .ARM.attributes
                0x0000000000000000       0x2d c:/st/stm32cubeide_1.11.2/stm32cubeide/plugins/com.st.stm32cube.ide.mcu.externaltools.gnu-tools-for-stm32.10.3-2021.10.win32_1.0.100.202210260954/tools/bin/../lib/gcc/arm-none-eabi/10.3.1/../../../../arm-none-eabi/lib/thumb/v7-m/nofp\libc_nano.a(lib_a-memset.o)
 .text          0x0000000000000000       0x30 c:/st/stm32cubeide_1.11.2/stm32cubeide/plugins/com.st.stm32cube.ide.mcu.externaltools.gnu-tools-for-stm32.10.3-2021.10.win32_1.0.100.202210260954/tools/bin/../lib/gcc/arm-none-eabi/10.3.1/thumb/v7-m/nofp\libgcc.a(_aeabi_uldivmod.o)
 .data          0x0000000000000000        0x0 c:/st/stm32cubeide_1.11.2/stm32cubeide/plugins/com.st.stm32cube.ide.mcu.externaltools.gnu-tools-for-stm32.10.3-2021.10.win32_1.0.100.202210260954/tools/bin/../lib/gcc/arm-none-eabi/10.3.1/thumb/v7-m/nofp\libgcc.a(_aeabi_uldivmod.o)
 .bss           0x0000000000000000        0x0 c:/st/stm32cubeide_1.11.2/stm32cubeide/plugins/com.st.stm32cube.ide.mcu.externaltools.gnu-tools-for-stm32.10.3-2021.10.win32_1.0.100.202210260954/tools/bin/../lib/gcc/arm-none-eabi/10.3.1/thumb/v7-m/nofp\libgcc.a(_aeabi_uldivmod.o)
 .debug_frame   0x0000000000000000       0x2c c:/st/stm32cubeide_1.11.2/stm32cubeide/plugins/com.st.stm32cube.ide.mcu.externaltools.gnu-tools-for-stm32.10.3-2021.10.win32_1.0.100.202210260954/tools/bin/../lib/gcc/arm-none-eabi/10.3.1/thumb/v7-m/nofp\libgcc.a(_aeabi_uldivmod.o)
 .ARM.attributes
                0x0000000000000000       0x1d c:/st/stm32cubeide_1.11.2/stm32cubeide/plugins/com.st.stm32cube.ide.mcu.externaltools.gnu-tools-for-stm32.10.3-2021.10.win32_1.0.100.202210260954/tools/bin/../lib/gcc/arm-none-eabi/10.3.1/thumb/v7-m/nofp\libgcc.a(_aeabi_uldivmod.o)
 .text          0x0000000000000000      0x2d4 c:/st/stm32cubeide_1.11.2/stm32cubeide/plugins/com.st.stm32cube.ide.mcu.externaltools.gnu-tools-for-stm32.10.3-2021.10.win32_1.0.100.202210260954/tools/bin/../lib/gcc/arm-none-eabi/10.3.1/thumb/v7-m/nofp\libgcc.a(_udivmoddi4.o)
 .data          0x0000000000000000        0x0 c:/st/stm32cubeide_1.11.2/stm32cubeide/plugins/com.st.stm32cube.ide.mcu.externaltools.gnu-tools-for-stm32.10.3-2021.10.win32_1.0.100.202210260954/tools/bin/../lib/gcc/arm-none-eabi/10.3.1/thumb/v7-m/nofp\libgcc.a(_udivmoddi4.o)
 .bss           0x0000000000000000        0x0 c:/st/stm32cubeide_1.11.2/stm32cubeide/plugins/com.st.stm32cube.ide.mcu.externaltools.gnu-tools-for-stm32.10.3-2021.10.win32_1.0.100.202210260954/tools/bin/../lib/gcc/arm-none-eabi/10.3.1/thumb/v7-m/nofp\libgcc.a(_udivmoddi4.o)
 .ARM.extab     0x0000000000000000        0x0 c:/st/stm32cubeide_1.11.2/stm32cubeide/plugins/com.st.stm32cube.ide.mcu.externaltools.gnu-tools-for-stm32.10.3-2021.10.win32_1.0.100.202210260954/tools/bin/../lib/gcc/arm-none-eabi/10.3.1/thumb/v7-m/nofp\libgcc.a(_udivmoddi4.o)
 .ARM.exidx     0x0000000000000000        0x8 c:/st/stm32cubeide_1.11.2/stm32cubeide/plugins/com.st.stm32cube.ide.mcu.externaltools.gnu-tools-for-stm32.10.3-2021.10.win32_1.0.100.202210260954/tools/bin/../lib/gcc/arm-none-eabi/10.3.1/thumb/v7-m/nofp\libgcc.a(_udivmoddi4.o)
 .debug_frame   0x0000000000000000       0x34 c:/st/stm32cubeide_1.11.2/stm32cubeide/plugins/com.st.stm32cube.ide.mcu.externaltools.gnu-tools-for-stm32.10.3-2021.10.win32_1.0.100.202210260954/tools/bin/../lib/gcc/arm-none-eabi/10.3.1/thumb/v7-m/nofp\libgcc.a(_udivmoddi4.o)
 .ARM.attributes
                0x0000000000000000       0x2d c:/st/stm32cubeide_1.11.2/stm32cubeide/plugins/com.st.stm32cube.ide.mcu.externaltools.gnu-tools-for-stm32.10.3-2021.10.win32_1.0.100.202210260954/tools/bin/../lib/gcc/arm-none-eabi/10.3.1/thumb/v7-m/nofp\libgcc.a(_udivmoddi4.o)
 .text          0x0000000000000000        0x4 c:/st/stm32cubeide_1.11.2/stm32cubeide/plugins/com.st.stm32cube.ide.mcu.externaltools.gnu-tools-for-stm32.10.3-2021.10.win32_1.0.100.202210260954/tools/bin/../lib/gcc/arm-none-eabi/10.3.1/thumb/v7-m/nofp\libgcc.a(_dvmd_tls.o)
 .data          0x0000000000000000        0x0 c:/st/stm32cubeide_1.11.2/stm32cubeide/plugins/com.st.stm32cube.ide.mcu.externaltools.gnu-tools-for-stm32.10.3-2021.10.win32_1.0.100.202210260954/tools/bin/../lib/gcc/arm-none-eabi/10.3.1/thumb/v7-m/nofp\libgcc.a(_dvmd_tls.o)
 .bss           0x0000000000000000        0x0 c:/st/stm32cubeide_1.11.2/stm32cubeide/plugins/com.st.stm32cube.ide.mcu.externaltools.gnu-tools-for-stm32.10.3-2021.10.win32_1.0.100.202210260954/tools/bin/../lib/gcc/arm-none-eabi/10.3.1/thumb/v7-m/nofp\libgcc.a(_dvmd_tls.o)
 .ARM.attributes
                0x0000000000000000       0x1d c:/st/stm32cubeide_1.11.2/stm32cubeide/plugins/com.st.stm32cube.ide.mcu.externaltools.gnu-tools-for-stm32.10.3-2021.10.win32_1.0.100.202210260954/tools/bin/../lib/gcc/arm-none-eabi/10.3.1/thumb/v7-m/nofp\libgcc.a(_dvmd_tls.o)
 .text          0x0000000000000000        0x0 c:/st/stm32cubeide_1.11.2/stm32cubeide/plugins/com.st.stm32cube.ide.mcu.externaltools.gnu-tools-for-stm32.10.3-2021.10.win32_1.0.100.202210260954/tools/bin/../lib/gcc/arm-none-eabi/10.3.1/thumb/v7-m/nofp/crtend.o
 .data          0x0000000000000000        0x0 c:/st/stm32cubeide_1.11.2/stm32cubeide/plugins/com.st.stm32cube.ide.mcu.externaltools.gnu-tools-for-stm32.10.3-2021.10.win32_1.0.100.202210260954/tools/bin/../lib/gcc/arm-none-eabi/10.3.1/thumb/v7-m/nofp/crtend.o
 .bss           0x0000000000000000        0x0 c:/st/stm32cubeide_1.11.2/stm32cubeide/plugins/com.st.stm32cube.ide.mcu.externaltools.gnu-tools-for-stm32.10.3-2021.10.win32_1.0.100.202210260954/tools/bin/../lib/gcc/arm-none-eabi/10.3.1/thumb/v7-m/nofp/crtend.o
 .rodata        0x0000000000000000       0x24 c:/st/stm32cubeide_1.11.2/stm32cubeide/plugins/com.st.stm32cube.ide.mcu.externaltools.gnu-tools-for-stm32.10.3-2021.10.win32_1.0.100.202210260954/tools/bin/../lib/gcc/arm-none-eabi/10.3.1/thumb/v7-m/nofp/crtend.o
 .eh_frame      0x0000000000000000        0x4 c:/st/stm32cubeide_1.11.2/stm32cubeide/plugins/com.st.stm32cube.ide.mcu.externaltools.gnu-tools-for-stm32.10.3-2021.10.win32_1.0.100.202210260954/tools/bin/../lib/gcc/arm-none-eabi/10.3.1/thumb/v7-m/nofp/crtend.o
 .ARM.attributes
                0x0000000000000000       0x2d c:/st/stm32cubeide_1.11.2/stm32cubeide/plugins/com.st.stm32cube.ide.mcu.externaltools.gnu-tools-for-stm32.10.3-2021.10.win32_1.0.100.202210260954/tools/bin/../lib/gcc/arm-none-eabi/10.3.1/thumb/v7-m/nofp/crtend.o
 .text          0x0000000000000000        0x0 c:/st/stm32cubeide_1.11.2/stm32cubeide/plugins/com.st.stm32cube.ide.mcu.externaltools.gnu-tools-for-stm32.10.3-2021.10.win32_1.0.100.202210260954/tools/bin/../lib/gcc/arm-none-eabi/10.3.1/thumb/v7-m/nofp/crtn.o
 .data          0x0000000000000000        0x0 c:/st/stm32cubeide_1.11.2/stm32cubeide/plugins/com.st.stm32cube.ide.mcu.externaltools.gnu-tools-for-stm32.10.3-2021.10.win32_1.0.100.202210260954/tools/bin/../lib/gcc/arm-none-eabi/10.3.1/thumb/v7-m/nofp/crtn.o
 .bss           0x0000000000000000        0x0 c:/st/stm32cubeide_1.11.2/stm32cubeide/plugins/com.st.stm32cube.ide.mcu.externaltools.gnu-tools-for-stm32.10.3-2021.10.win32_1.0.100.202210260954/tools/bin/../lib/gcc/arm-none-eabi/10.3.1/thumb/v7-m/nofp/crtn.o

Memory Configuration

Name             Origin             Length             Attributes
RAM              0x0000000020000000 0x0000000000005000 xrw
FLASH            0x0000000008000000 0x0000000000010000 xr
*default*        0x0000000000000000 0xffffffffffffffff

Linker script and memory map

LOAD c:/st/stm32cubeide_1.11.2/stm32cubeide/plugins/com.st.stm32cube.ide.mcu.externaltools.gnu-tools-for-stm32.10.3-2021.10.win32_1.0.100.202210260954/tools/bin/../lib/gcc/arm-none-eabi/10.3.1/thumb/v7-m/nofp/crti.o
LOAD c:/st/stm32cubeide_1.11.2/stm32cubeide/plugins/com.st.stm32cube.ide.mcu.externaltools.gnu-tools-for-stm32.10.3-2021.10.win32_1.0.100.202210260954/tools/bin/../lib/gcc/arm-none-eabi/10.3.1/thumb/v7-m/nofp/crtbegin.o
LOAD c:/st/stm32cubeide_1.11.2/stm32cubeide/plugins/com.st.stm32cube.ide.mcu.externaltools.gnu-tools-for-stm32.10.3-2021.10.win32_1.0.100.202210260954/tools/bin/../lib/gcc/arm-none-eabi/10.3.1/../../../../arm-none-eabi/lib/thumb/v7-m/nofp/crt0.o
LOAD ./Src/AFIO_program.o
LOAD ./Src/DMA_program.o
LOAD ./Src/EXTI_program.o
LOAD ./Src/GPIO_program.o
LOAD ./Src/LCD_program.o
LOAD ./Src/NVIC_program.o
LOAD ./Src/PANDA_program.o
LOAD ./Src/RCC_prog.o
LOAD ./Src/SCB_program.o
LOAD ./Src/SPI_program.o
LOAD ./Src/STK_program.o
LOAD ./Src/USART_program.o
LOAD ./Src/main.o
LOAD ./Src/syscalls.o
LOAD ./Src/sysmem.o
LOAD ./Startup/startup_stm32f103c8tx.o
START GROUP
LOAD c:/st/stm32cubeide_1.11.2/stm32cubeide/plugins/com.st.stm32cube.ide.mcu.externaltools.gnu-tools-for-stm32.10.3-2021.10.win32_1.0.100.202210260954/tools/bin/../lib/gcc/arm-none-eabi/10.3.1/../../../../arm-none-eabi/lib/thumb/v7-m/nofp\libc_nano.a
LOAD c:/st/stm32cubeide_1.11.2/stm32cubeide/plugins/com.st.stm32cube.ide.mcu.externaltools.gnu-tools-for-stm32.10.3-2021.10.win32_1.0.100.202210260954/tools/bin/../lib/gcc/arm-none-eabi/10.3.1/../../../../arm-none-eabi/lib/thumb/v7-m/nofp\libm.a
END GROUP
START GROUP
LOAD c:/st/stm32cubeide_1.11.2/stm32cubeide/plugins/com.st.stm32cube.ide.mcu.externaltools.gnu-tools-for-stm32.10.3-2021.10.win32_1.0.100.202210260954/tools/bin/../lib/gcc/arm-none-eabi/10.3.1/thumb/v7-m/nofp\libgcc.a
LOAD c:/st/stm32cubeide_1.11.2/stm32cubeide/plugins/com.st.stm32cube.ide.mcu.externaltools.gnu-tools-for-stm32.10.3-2021.10.win32_1.0.100.202210260954/tools/bin/../lib/gcc/arm-none-eabi/10.3.1/../../../../arm-none-eabi/lib/thumb/v7-m/nofp\libc_nano.a
END GROUP
START GROUP
LOAD c:/st/stm32cubeide_1.11.2/stm32cubeide/plugins/com.st.stm32cube.ide.mcu.externaltools.gnu-tools-for-stm32.10.3-2021.10.win32_1.0.100.202210260954/tools/bin/../lib/gcc/arm-none-eabi/10.3.1/thumb/v7-m/nofp\libgcc.a
LOAD c:/st/stm32cubeide_1.11.2/stm32cubeide/plugins/com.st.stm32cube.ide.mcu.externaltools.gnu-tools-for-stm32.10.3-2021.10.win32_1.0.100.202210260954/tools/bin/../lib/gcc/arm-none-eabi/10.3.1/../../../../arm-none-eabi/lib/thumb/v7-m/nofp\libc_nano.a
LOAD c:/st/stm32cubeide_1.11.2/stm32cubeide/plugins/com.st.stm32cube.ide.mcu.externaltools.gnu-tools-for-stm32.10.3-2021.10.win32_1.0.100.202210260954/tools/bin/../lib/gcc/arm-none-eabi/10.3.1/../../../../arm-none-eabi/lib/thumb/v7-m/nofp\libnosys.a
END GROUP
START GROUP
LOAD c:/st/stm32cubeide_1.11.2/stm32cubeide/plugins/com.st.stm32cube.ide.mcu.externaltools.gnu-tools-for-stm32.10.3-2021.10.win32_1.0.100.202210260954/tools/bin/../lib/gcc/arm-none-eabi/10.3.1/thumb/v7-m/nofp\libgcc.a
LOAD c:/st/stm32cubeide_1.11.2/stm32cubeide/plugins/com.st.stm32cube.ide.mcu.externaltools.gnu-tools-for-stm32.10.3-2021.10.win32_1.0.100.202210260954/tools/bin/../lib/gcc/arm-none-eabi/10.3.1/../../../../arm-none-eabi/lib/thumb/v7-m/nofp\libc_nano.a
LOAD c:/st/stm32cubeide_1.11.2/stm32cubeide/plugins/com.st.stm32cube.ide.mcu.externaltools.gnu-tools-for-stm32.10.3-2021.10.win32_1.0.100.202210260954/tools/bin/../lib/gcc/arm-none-eabi/10.3.1/../../../../arm-none-eabi/lib/thumb/v7-m/nofp\libnosys.a
END GROUP
LOAD c:/st/stm32cubeide_1.11.2/stm32cubeide/plugins/com.st.stm32cube.ide.mcu.externaltools.gnu-tools-for-stm32.10.3-2021.10.win32_1.0.100.202210260954/tools/bin/../lib/gcc/arm-none-eabi/10.3.1/thumb/v7-m/nofp/crtend.o
LOAD c:/st/stm32cubeide_1.11.2/stm32cubeide/plugins/com.st.stm32cube.ide.mcu.externaltools.gnu-tools-for-stm32.10.3-2021.10.win32_1.0.100.202210260954/tools/bin/../lib/gcc/arm-none-eabi/10.3.1/thumb/v7-m/nofp/crtn.o
                0x0000000020005000                _estack = (ORIGIN (RAM) + LENGTH (RAM))
                0x0000000000000200                _Min_Heap_Size = 0x200
                0x0000000000000400                _Min_Stack_Size = 0x400

.isr_vector     0x0000000008000000      0x130
                0x0000000008000000                . = ALIGN (0x4)
 *(.isr_vector)
 .isr_vector    0x0000000008000000      0x130 ./Startup/startup_stm32f103c8tx.o
                0x0000000008000000                g_pfnVectors
                0x0000000008000130                . = ALIGN (0x4)

.text           0x0000000008000130     0x176c
                0x0000000008000130                . = ALIGN (0x4)
 *(.text)
 .text          0x0000000008000130       0x40 c:/st/stm32cubeide_1.11.2/stm32cubeide/plugins/com.st.stm32cube.ide.mcu.externaltools.gnu-tools-for-stm32.10.3-2021.10.win32_1.0.100.202210260954/tools/bin/../lib/gcc/arm-none-eabi/10.3.1/thumb/v7-m/nofp/crtbegin.o
 *(.text*)
 .text.DMA1_Channel1_IRQHandler
                0x0000000008000170       0x1c ./Src/DMA_program.o
                0x0000000008000170                DMA1_Channel1_IRQHandler
 .text.DMA1_Channel2_IRQHandler
                0x000000000800018c       0x1c ./Src/DMA_program.o
                0x000000000800018c                DMA1_Channel2_IRQHandler
 .text.DMA1_Channel3_IRQHandler
                0x00000000080001a8       0x20 ./Src/DMA_program.o
                0x00000000080001a8                DMA1_Channel3_IRQHandler
 .text.DMA1_Channel4_IRQHandler
                0x00000000080001c8       0x20 ./Src/DMA_program.o
                0x00000000080001c8                DMA1_Channel4_IRQHandler
 .text.DMA1_Channel5_IRQHandler
                0x00000000080001e8       0x20 ./Src/DMA_program.o
                0x00000000080001e8                DMA1_Channel5_IRQHandler
 .text.DMA1_Channel6_IRQHandler
                0x0000000008000208       0x20 ./Src/DMA_program.o
                0x0000000008000208                DMA1_Channel6_IRQHandler
 .text.DMA1_Channel7_IRQHandler
                0x0000000008000228       0x20 ./Src/DMA_program.o
                0x0000000008000228                DMA1_Channel7_IRQHandler
 .text.DMA2_Channel1_IRQHandler
                0x0000000008000248       0x1c ./Src/DMA_program.o
                0x0000000008000248                DMA2_Channel1_IRQHandler
 .text.DMA2_Channel2_IRQHandler
                0x0000000008000264       0x1c ./Src/DMA_program.o
                0x0000000008000264                DMA2_Channel2_IRQHandler
 .text.DMA2_Channel3_IRQHandler
                0x0000000008000280       0x20 ./Src/DMA_program.o
                0x0000000008000280                DMA2_Channel3_IRQHandler
 .text.DMA2_Channel4_5_IRQHandler
                0x00000000080002a0       0x3c ./Src/DMA_program.o
                0x00000000080002a0                DMA2_Channel4_5_IRQHandler
 .text.EXTI_u8Init
                0x00000000080002dc      0x144 ./Src/EXTI_program.o
                0x00000000080002dc                EXTI_u8Init
 .text.EXTI0_IRQHandler
                0x0000000008000420       0x2c ./Src/EXTI_program.o
                0x0000000008000420                EXTI0_IRQHandler
 .text.EXTI1_IRQHandler
                0x000000000800044c       0x1c ./Src/EXTI_program.o
                0x000000000800044c                EXTI1_IRQHandler
 .text.EXTI2_IRQHandler
                0x0000000008000468       0x1c ./Src/EXTI_program.o
                0x0000000008000468                EXTI2_IRQHandler
 .text.EXTI3_IRQHandler
                0x0000000008000484       0x1c ./Src/EXTI_program.o
                0x0000000008000484                EXTI3_IRQHandler
 .text.EXTI4_IRQHandler
                0x00000000080004a0       0x1c ./Src/EXTI_program.o
                0x00000000080004a0                EXTI4_IRQHandler
 .text.EXTI9_5_IRQHandler
                0x00000000080004bc       0x9c ./Src/EXTI_program.o
                0x00000000080004bc                EXTI9_5_IRQHandler
 .text.EXTI15_10_IRQHandler
                0x0000000008000558       0xb8 ./Src/EXTI_program.o
                0x0000000008000558                EXTI15_10_IRQHandler
 .text.GPIO_u8PinInit
                0x0000000008000610      0x180 ./Src/GPIO_program.o
                0x0000000008000610                GPIO_u8PinInit
 .text.GPIO_u8SetPinValue
                0x0000000008000790       0x80 ./Src/GPIO_program.o
                0x0000000008000790                GPIO_u8SetPinValue
 .text.HLCD_voidInit
                0x0000000008000810      0x10c ./Src/LCD_program.o
                0x0000000008000810                HLCD_voidInit
 .text.HLCD_voidClearLCD
                0x000000000800091c       0x16 ./Src/LCD_program.o
                0x000000000800091c                HLCD_voidClearLCD
 .text.HLCD_voidSendCmnd
                0x0000000008000932      0x102 ./Src/LCD_program.o
 .text.HLCD_voidSendChar
                0x0000000008000a34      0x102 ./Src/LCD_program.o
                0x0000000008000a34                HLCD_voidSendChar
 .text.HLCD_voidSendString
                0x0000000008000b36       0x38 ./Src/LCD_program.o
                0x0000000008000b36                HLCD_voidSendString
 .text.HLCD_voidSetCursor
                0x0000000008000b6e       0x40 ./Src/LCD_program.o
                0x0000000008000b6e                HLCD_voidSetCursor
 *fill*         0x0000000008000bae        0x2 
 .text.MNVIC_u8EnableInterrupt
                0x0000000008000bb0       0x64 ./Src/NVIC_program.o
                0x0000000008000bb0                MNVIC_u8EnableInterrupt
 .text.RCC_SetClksts
                0x0000000008000c14       0x98 ./Src/RCC_prog.o
                0x0000000008000c14                RCC_SetClksts
 .text.RCC_SetSysClk
                0x0000000008000cac       0x44 ./Src/RCC_prog.o
                0x0000000008000cac                RCC_SetSysClk
 .text.RCC_APB2EnableClock
                0x0000000008000cf0       0x2c ./Src/RCC_prog.o
                0x0000000008000cf0                RCC_APB2EnableClock
 .text.MSPI_u8SetConfiguration
                0x0000000008000d1c      0x42c ./Src/SPI_program.o
                0x0000000008000d1c                MSPI_u8SetConfiguration
 .text.MSPI_u8SendReceiveAsynch
                0x0000000008001148       0x4c ./Src/SPI_program.o
                0x0000000008001148                MSPI_u8SendReceiveAsynch
 .text.SPI1_IRQHandler
                0x0000000008001194       0x28 ./Src/SPI_program.o
                0x0000000008001194                SPI1_IRQHandler
 .text.SPI2_IRQHandler
                0x00000000080011bc       0x28 ./Src/SPI_program.o
                0x00000000080011bc                SPI2_IRQHandler
 .text.SPI3_IRQHandler
                0x00000000080011e4       0x28 ./Src/SPI_program.o
                0x00000000080011e4                SPI3_IRQHandler
 .text.MSTK_u8ClockConfig
                0x000000000800120c       0x48 ./Src/STK_program.o
                0x000000000800120c                MSTK_u8ClockConfig
 .text.MSTK_voidStopTimer
                0x0000000008001254       0x28 ./Src/STK_program.o
                0x0000000008001254                MSTK_voidStopTimer
 .text.MSTK_u8BusyWait
                0x000000000800127c       0x50 ./Src/STK_program.o
                0x000000000800127c                MSTK_u8BusyWait
 .text.MSTK_u8SetInterval
                0x00000000080012cc       0x80 ./Src/STK_program.o
                0x00000000080012cc                MSTK_u8SetInterval
 .text.SysTick_Handler
                0x000000000800134c       0x44 ./Src/STK_program.o
                0x000000000800134c                SysTick_Handler
 .text.MUSART_voidClearFlags
                0x0000000008001390       0x24 ./Src/USART_program.o
                0x0000000008001390                MUSART_voidClearFlags
 .text.USART1_IRQHandler
                0x00000000080013b4       0x20 ./Src/USART_program.o
                0x00000000080013b4                USART1_IRQHandler
 .text.USART2_IRQHandler
                0x00000000080013d4       0x20 ./Src/USART_program.o
                0x00000000080013d4                USART2_IRQHandler
 .text.USART3_IRQHandler
                0x00000000080013f4       0x20 ./Src/USART_program.o
                0x00000000080013f4                USART3_IRQHandler
 .text.ReceiveSwitchFunc
                0x0000000008001414      0x130 ./Src/main.o
                0x0000000008001414                ReceiveSwitchFunc
 .text.AlarmStopNotificationFunc
                0x0000000008001544       0x1c ./Src/main.o
                0x0000000008001544                AlarmStopNotificationFunc
 .text.AlarmNotificationFunc
                0x0000000008001560       0x30 ./Src/main.o
                0x0000000008001560                AlarmNotificationFunc
 .text.main     0x0000000008001590      0x258 ./Src/main.o
                0x0000000008001590                main
 .text.Reset_Handler
                0x00000000080017e8       0x50 ./Startup/startup_stm32f103c8tx.o
                0x00000000080017e8                Reset_Handler
 .text.Default_Handler
                0x0000000008001838        0x2 ./Startup/startup_stm32f103c8tx.o
                0x0000000008001838                TIM8_TRG_COM_IRQHandler
                0x0000000008001838                TIM8_CC_IRQHandler
                0x0000000008001838                DebugMon_Handler
                0x0000000008001838                TIM1_CC_IRQHandler
                0x0000000008001838                HardFault_Handler
                0x0000000008001838                TIM6_IRQHandler
                0x0000000008001838                PVD_IRQHandler
                0x0000000008001838                SDIO_IRQHandler
                0x0000000008001838                PendSV_Handler
                0x0000000008001838                NMI_Handler
                0x0000000008001838                USB_HP_CAN_TX_IRQHandler
                0x0000000008001838                I2C2_EV_IRQHandler
                0x0000000008001838                UsageFault_Handler
                0x0000000008001838                ADC1_2_IRQHandler
                0x0000000008001838                CAN_SCE_IRQHandler
                0x0000000008001838                TAMPER_IRQHandler
                0x0000000008001838                TIM8_UP_IRQHandler
                0x0000000008001838                RTC_IRQHandler
                0x0000000008001838                UART5_IRQHandler
                0x0000000008001838                ADC3_IRQHandler
                0x0000000008001838                TIM4_IRQHandler
                0x0000000008001838                CAN_RX1_IRQHandler
                0x0000000008001838                I2C1_EV_IRQHandler
                0x0000000008001838                UART4_IRQHandler
                0x0000000008001838                TIM3_IRQHandler
                0x0000000008001838                RCC_IRQHandler
                0x0000000008001838                TIM1_TRG_COM_IRQHandler
                0x0000000008001838                Default_Handler
                0x0000000008001838                TIM7_IRQHandler
                0x0000000008001838                TIM5_IRQHandler
                0x0000000008001838                USB_LP_CAN_RX0_IRQHandler
                0x0000000008001838                MemManage_Handler
                0x0000000008001838                SVC_Handler
                0x0000000008001838                FSMC_IRQHandler
                0x0000000008001838                TIM1_UP_IRQHandler
                0x0000000008001838                WWDG_IRQHandler
                0x0000000008001838                TIM2_IRQHandler
                0x0000000008001838                TIM1_BRK_IRQHandler
                0x0000000008001838                RTCAlarm_IRQHandler
                0x0000000008001838                I2C2_ER_IRQHandler
                0x0000000008001838                TIM8_BRK_IRQHandler
                0x0000000008001838                FLASH_IRQHandler
                0x0000000008001838                BusFault_Handler
                0x0000000008001838                I2C1_ER_IRQHandler
 *fill*         0x000000000800183a        0x2 
 .text.__libc_init_array
                0x000000000800183c       0x48 c:/st/stm32cubeide_1.11.2/stm32cubeide/plugins/com.st.stm32cube.ide.mcu.externaltools.gnu-tools-for-stm32.10.3-2021.10.win32_1.0.100.202210260954/tools/bin/../lib/gcc/arm-none-eabi/10.3.1/../../../../arm-none-eabi/lib/thumb/v7-m/nofp\libc_nano.a(lib_a-init.o)
                0x000000000800183c                __libc_init_array
 *(.glue_7)
 .glue_7        0x0000000008001884        0x0 linker stubs
 *(.glue_7t)
 .glue_7t       0x0000000008001884        0x0 linker stubs
 *(.eh_frame)
 .eh_frame      0x0000000008001884        0x0 c:/st/stm32cubeide_1.11.2/stm32cubeide/plugins/com.st.stm32cube.ide.mcu.externaltools.gnu-tools-for-stm32.10.3-2021.10.win32_1.0.100.202210260954/tools/bin/../lib/gcc/arm-none-eabi/10.3.1/thumb/v7-m/nofp/crtbegin.o
 *(.init)
 .init          0x0000000008001884        0x4 c:/st/stm32cubeide_1.11.2/stm32cubeide/plugins/com.st.stm32cube.ide.mcu.externaltools.gnu-tools-for-stm32.10.3-2021.10.win32_1.0.100.202210260954/tools/bin/../lib/gcc/arm-none-eabi/10.3.1/thumb/v7-m/nofp/crti.o
                0x0000000008001884                _init
 .init          0x0000000008001888        0x8 c:/st/stm32cubeide_1.11.2/stm32cubeide/plugins/com.st.stm32cube.ide.mcu.externaltools.gnu-tools-for-stm32.10.3-2021.10.win32_1.0.100.202210260954/tools/bin/../lib/gcc/arm-none-eabi/10.3.1/thumb/v7-m/nofp/crtn.o
 *(.fini)
 .fini          0x0000000008001890        0x4 c:/st/stm32cubeide_1.11.2/stm32cubeide/plugins/com.st.stm32cube.ide.mcu.externaltools.gnu-tools-for-stm32.10.3-2021.10.win32_1.0.100.202210260954/tools/bin/../lib/gcc/arm-none-eabi/10.3.1/thumb/v7-m/nofp/crti.o
                0x0000000008001890                _fini
 .fini          0x0000000008001894        0x8 c:/st/stm32cubeide_1.11.2/stm32cubeide/plugins/com.st.stm32cube.ide.mcu.externaltools.gnu-tools-for-stm32.10.3-2021.10.win32_1.0.100.202210260954/tools/bin/../lib/gcc/arm-none-eabi/10.3.1/thumb/v7-m/nofp/crtn.o
                0x000000000800189c                . = ALIGN (0x4)
                0x000000000800189c                _etext = .

.vfp11_veneer   0x000000000800189c        0x0
 .vfp11_veneer  0x000000000800189c        0x0 linker stubs

.v4_bx          0x000000000800189c        0x0
 .v4_bx         0x000000000800189c        0x0 linker stubs

.iplt           0x000000000800189c        0x0
 .iplt          0x000000000800189c        0x0 c:/st/stm32cubeide_1.11.2/stm32cubeide/plugins/com.st.stm32cube.ide.mcu.externaltools.gnu-tools-for-stm32.10.3-2021.10.win32_1.0.100.202210260954/tools/bin/../lib/gcc/arm-none-eabi/10.3.1/thumb/v7-m/nofp/crtbegin.o

.rodata         0x000000000800189c       0x9c
                0x000000000800189c                . = ALIGN (0x4)
 *(.rodata)
 .rodata        0x000000000800189c       0x2d ./Src/LCD_program.o
 *fill*         0x00000000080018c9        0x3 
 .rodata        0x00000000080018cc       0x6c ./Src/main.o
 *(.rodata*)
                0x0000000008001938                . = ALIGN (0x4)

.rel.dyn        0x0000000008001938        0x0
 .rel.iplt      0x0000000008001938        0x0 c:/st/stm32cubeide_1.11.2/stm32cubeide/plugins/com.st.stm32cube.ide.mcu.externaltools.gnu-tools-for-stm32.10.3-2021.10.win32_1.0.100.202210260954/tools/bin/../lib/gcc/arm-none-eabi/10.3.1/thumb/v7-m/nofp/crtbegin.o

.ARM.extab      0x0000000008001938        0x0
                0x0000000008001938                . = ALIGN (0x4)
 *(.ARM.extab* .gnu.linkonce.armextab.*)
                0x0000000008001938                . = ALIGN (0x4)

.ARM            0x0000000008001938        0x0
                0x0000000008001938                . = ALIGN (0x4)
                0x0000000008001938                __exidx_start = .
 *(.ARM.exidx*)
                0x0000000008001938                __exidx_end = .
                0x0000000008001938                . = ALIGN (0x4)

.preinit_array  0x0000000008001938        0x0
                0x0000000008001938                . = ALIGN (0x4)
                0x0000000008001938                PROVIDE (__preinit_array_start = .)
 *(.preinit_array*)
                0x0000000008001938                PROVIDE (__preinit_array_end = .)
                0x0000000008001938                . = ALIGN (0x4)

.init_array     0x0000000008001938        0x4
                0x0000000008001938                . = ALIGN (0x4)
                0x0000000008001938                PROVIDE (__init_array_start = .)
 *(SORT_BY_NAME(.init_array.*))
 *(.init_array*)
 .init_array    0x0000000008001938        0x4 c:/st/stm32cubeide_1.11.2/stm32cubeide/plugins/com.st.stm32cube.ide.mcu.externaltools.gnu-tools-for-stm32.10.3-2021.10.win32_1.0.100.202210260954/tools/bin/../lib/gcc/arm-none-eabi/10.3.1/thumb/v7-m/nofp/crtbegin.o
                0x000000000800193c                PROVIDE (__init_array_end = .)
                0x000000000800193c                . = ALIGN (0x4)

.fini_array     0x000000000800193c        0x4
                0x000000000800193c                . = ALIGN (0x4)
                [!provide]                        PROVIDE (__fini_array_start = .)
 *(SORT_BY_NAME(.fini_array.*))
 *(.fini_array*)
 .fini_array    0x000000000800193c        0x4 c:/st/stm32cubeide_1.11.2/stm32cubeide/plugins/com.st.stm32cube.ide.mcu.externaltools.gnu-tools-for-stm32.10.3-2021.10.win32_1.0.100.202210260954/tools/bin/../lib/gcc/arm-none-eabi/10.3.1/thumb/v7-m/nofp/crtbegin.o
                [!provide]                        PROVIDE (__fini_array_end = .)
                0x0000000008001940                . = ALIGN (0x4)
                0x0000000008001940                _sidata = LOADADDR (.data)

.data           0x0000000020000000       0x50 load address 0x0000000008001940
                0x0000000020000000                . = ALIGN (0x4)
                0x0000000020000000                _sdata = .
 *(.data)
 *(.data*)
 .data.GPIOPort
                0x0000000020000000       0x1c ./Src/GPIO_program.o
 .data.SPI_Index
                0x000000002000001c        0xc ./Src/SPI_program.o
 .data.STK_u8IntervalType
                0x0000000020000028        0x1 ./Src/STK_program.o
 *fill*         0x0000000020000029        0x3 
 .data.USART_Index
                0x000000002000002c       0x14 ./Src/USART_program.o
 .data.Global_pu8ReceiveArray
                0x0000000020000040        0xd ./Src/main.o
                0x0000000020000040                Global_pu8ReceiveArray
 *(.RamFunc)
 *(.RamFunc*)
                0x0000000020000050                . = ALIGN (0x4)
 *fill*         0x000000002000004d        0x3 
                0x0000000020000050                _edata = .

.igot.plt       0x0000000020000050        0x0 load address 0x0000000008001990
 .igot.plt      0x0000000020000050        0x0 c:/st/stm32cubeide_1.11.2/stm32cubeide/plugins/com.st.stm32cube.ide.mcu.externaltools.gnu-tools-for-stm32.10.3-2021.10.win32_1.0.100.202210260954/tools/bin/../lib/gcc/arm-none-eabi/10.3.1/thumb/v7-m/nofp/crtbegin.o
                0x0000000020000050                . = ALIGN (0x4)

.bss            0x0000000020000050       0xc0 load address 0x0000000008001990
                0x0000000020000050                _sbss = .
                0x0000000020000050                __bss_start__ = _sbss
 *(.bss)
 .bss           0x0000000020000050       0x1c c:/st/stm32cubeide_1.11.2/stm32cubeide/plugins/com.st.stm32cube.ide.mcu.externaltools.gnu-tools-for-stm32.10.3-2021.10.win32_1.0.100.202210260954/tools/bin/../lib/gcc/arm-none-eabi/10.3.1/thumb/v7-m/nofp/crtbegin.o
 *(.bss*)
 .bss.GeneralCallBackFun
                0x000000002000006c       0x2c ./Src/DMA_program.o
 .bss.EXTI_pvGlobCallBackLine
                0x0000000020000098       0x50 ./Src/EXTI_program.o
 .bss.SPI_ApFunCallBack
                0x00000000200000e8        0xc ./Src/SPI_program.o
 .bss.SysTick_CallBack
                0x00000000200000f4        0x4 ./Src/STK_program.o
 .bss.USART_ApfCallBack
                0x00000000200000f8       0x14 ./Src/USART_program.o
 .bss.Global_u8Counter
                0x000000002000010c        0x1 ./Src/main.o
                0x000000002000010c                Global_u8Counter
 .bss.Global_u8ReceieComplateFlag
                0x000000002000010d        0x1 ./Src/main.o
                0x000000002000010d                Global_u8ReceieComplateFlag
 .bss.Global_ReceiveFlag
                0x000000002000010e        0x1 ./Src/main.o
                0x000000002000010e                Global_ReceiveFlag
 *(COMMON)
                0x0000000020000110                . = ALIGN (0x4)
 *fill*         0x000000002000010f        0x1 
                0x0000000020000110                _ebss = .
                0x0000000020000110                __bss_end__ = _ebss

._user_heap_stack
                0x0000000020000110      0x600 load address 0x0000000008001990
                0x0000000020000110                . = ALIGN (0x8)
                [!provide]                        PROVIDE (end = .)
                0x0000000020000110                PROVIDE (_end = .)
                0x0000000020000310                . = (. + _Min_Heap_Size)
 *fill*         0x0000000020000110      0x200 
                0x0000000020000710                . = (. + _Min_Stack_Size)
 *fill*         0x0000000020000310      0x400 
                0x0000000020000710                . = ALIGN (0x8)

/DISCARD/
 libc.a(*)
 libm.a(*)
 libgcc.a(*)

.ARM.attributes
                0x0000000000000000       0x29
 *(.ARM.attributes)
 .ARM.attributes
                0x0000000000000000       0x1d c:/st/stm32cubeide_1.11.2/stm32cubeide/plugins/com.st.stm32cube.ide.mcu.externaltools.gnu-tools-for-stm32.10.3-2021.10.win32_1.0.100.202210260954/tools/bin/../lib/gcc/arm-none-eabi/10.3.1/thumb/v7-m/nofp/crti.o
 .ARM.attributes
                0x000000000000001d       0x2d c:/st/stm32cubeide_1.11.2/stm32cubeide/plugins/com.st.stm32cube.ide.mcu.externaltools.gnu-tools-for-stm32.10.3-2021.10.win32_1.0.100.202210260954/tools/bin/../lib/gcc/arm-none-eabi/10.3.1/thumb/v7-m/nofp/crtbegin.o
 .ARM.attributes
                0x000000000000004a       0x2d ./Src/DMA_program.o
 .ARM.attributes
                0x0000000000000077       0x2d ./Src/EXTI_program.o
 .ARM.attributes
                0x00000000000000a4       0x2d ./Src/GPIO_program.o
 .ARM.attributes
                0x00000000000000d1       0x2d ./Src/LCD_program.o
 .ARM.attributes
                0x00000000000000fe       0x2d ./Src/NVIC_program.o
 .ARM.attributes
                0x000000000000012b       0x2d ./Src/RCC_prog.o
 .ARM.attributes
                0x0000000000000158       0x2d ./Src/SPI_program.o
 .ARM.attributes
                0x0000000000000185       0x2d ./Src/STK_program.o
 .ARM.attributes
                0x00000000000001b2       0x2d ./Src/USART_program.o
 .ARM.attributes
                0x00000000000001df       0x2d ./Src/main.o
 .ARM.attributes
                0x000000000000020c       0x21 ./Startup/startup_stm32f103c8tx.o
 .ARM.attributes
                0x000000000000022d       0x2d c:/st/stm32cubeide_1.11.2/stm32cubeide/plugins/com.st.stm32cube.ide.mcu.externaltools.gnu-tools-for-stm32.10.3-2021.10.win32_1.0.100.202210260954/tools/bin/../lib/gcc/arm-none-eabi/10.3.1/../../../../arm-none-eabi/lib/thumb/v7-m/nofp\libc_nano.a(lib_a-init.o)
 .ARM.attributes
                0x000000000000025a       0x1d c:/st/stm32cubeide_1.11.2/stm32cubeide/plugins/com.st.stm32cube.ide.mcu.externaltools.gnu-tools-for-stm32.10.3-2021.10.win32_1.0.100.202210260954/tools/bin/../lib/gcc/arm-none-eabi/10.3.1/thumb/v7-m/nofp/crtn.o
OUTPUT(FinalApplication_F103c8t6.elf elf32-littlearm)
LOAD linker stubs
LOAD c:/st/stm32cubeide_1.11.2/stm32cubeide/plugins/com.st.stm32cube.ide.mcu.externaltools.gnu-tools-for-stm32.10.3-2021.10.win32_1.0.100.202210260954/tools/bin/../lib/gcc/arm-none-eabi/10.3.1/../../../../arm-none-eabi/lib/thumb/v7-m/nofp\libc.a
LOAD c:/st/stm32cubeide_1.11.2/stm32cubeide/plugins/com.st.stm32cube.ide.mcu.externaltools.gnu-tools-for-stm32.10.3-2021.10.win32_1.0.100.202210260954/tools/bin/../lib/gcc/arm-none-eabi/10.3.1/../../../../arm-none-eabi/lib/thumb/v7-m/nofp\libm.a
LOAD c:/st/stm32cubeide_1.11.2/stm32cubeide/plugins/com.st.stm32cube.ide.mcu.externaltools.gnu-tools-for-stm32.10.3-2021.10.win32_1.0.100.202210260954/tools/bin/../lib/gcc/arm-none-eabi/10.3.1/thumb/v7-m/nofp\libgcc.a

.debug_info     0x0000000000000000     0x3f67
 .debug_info    0x0000000000000000      0x4e5 ./Src/DMA_program.o
 .debug_info    0x00000000000004e5      0x534 ./Src/EXTI_program.o
 .debug_info    0x0000000000000a19      0x48f ./Src/GPIO_program.o
 .debug_info    0x0000000000000ea8      0x5f5 ./Src/LCD_program.o
 .debug_info    0x000000000000149d      0x586 ./Src/NVIC_program.o
 .debug_info    0x0000000000001a23      0x676 ./Src/RCC_prog.o
 .debug_info    0x0000000000002099      0x6d9 ./Src/SPI_program.o
 .debug_info    0x0000000000002772      0x314 ./Src/STK_program.o
 .debug_info    0x0000000000002a86      0x71d ./Src/USART_program.o
 .debug_info    0x00000000000031a3      0xda2 ./Src/main.o
 .debug_info    0x0000000000003f45       0x22 ./Startup/startup_stm32f103c8tx.o

.debug_abbrev   0x0000000000000000      0xc6b
 .debug_abbrev  0x0000000000000000      0x131 ./Src/DMA_program.o
 .debug_abbrev  0x0000000000000131      0x117 ./Src/EXTI_program.o
 .debug_abbrev  0x0000000000000248       0xf2 ./Src/GPIO_program.o
 .debug_abbrev  0x000000000000033a      0x13b ./Src/LCD_program.o
 .debug_abbrev  0x0000000000000475      0x12a ./Src/NVIC_program.o
 .debug_abbrev  0x000000000000059f       0xf0 ./Src/RCC_prog.o
 .debug_abbrev  0x000000000000068f      0x14c ./Src/SPI_program.o
 .debug_abbrev  0x00000000000007db      0x14e ./Src/STK_program.o
 .debug_abbrev  0x0000000000000929      0x196 ./Src/USART_program.o
 .debug_abbrev  0x0000000000000abf      0x19a ./Src/main.o
 .debug_abbrev  0x0000000000000c59       0x12 ./Startup/startup_stm32f103c8tx.o

.debug_aranges  0x0000000000000000      0x3e0
 .debug_aranges
                0x0000000000000000       0x80 ./Src/DMA_program.o
 .debug_aranges
                0x0000000000000080       0x90 ./Src/EXTI_program.o
 .debug_aranges
                0x0000000000000110       0x38 ./Src/GPIO_program.o
 .debug_aranges
                0x0000000000000148       0x60 ./Src/LCD_program.o
 .debug_aranges
                0x00000000000001a8       0x48 ./Src/NVIC_program.o
 .debug_aranges
                0x00000000000001f0       0x68 ./Src/RCC_prog.o
 .debug_aranges
                0x0000000000000258       0x58 ./Src/SPI_program.o
 .debug_aranges
                0x00000000000002b0       0x60 ./Src/STK_program.o
 .debug_aranges
                0x0000000000000310       0x70 ./Src/USART_program.o
 .debug_aranges
                0x0000000000000380       0x38 ./Src/main.o
 .debug_aranges
                0x00000000000003b8       0x28 ./Startup/startup_stm32f103c8tx.o

.debug_ranges   0x0000000000000000      0x338
 .debug_ranges  0x0000000000000000       0x70 ./Src/DMA_program.o
 .debug_ranges  0x0000000000000070       0x80 ./Src/EXTI_program.o
 .debug_ranges  0x00000000000000f0       0x28 ./Src/GPIO_program.o
 .debug_ranges  0x0000000000000118       0x50 ./Src/LCD_program.o
 .debug_ranges  0x0000000000000168       0x38 ./Src/NVIC_program.o
 .debug_ranges  0x00000000000001a0       0x58 ./Src/RCC_prog.o
 .debug_ranges  0x00000000000001f8       0x48 ./Src/SPI_program.o
 .debug_ranges  0x0000000000000240       0x50 ./Src/STK_program.o
 .debug_ranges  0x0000000000000290       0x60 ./Src/USART_program.o
 .debug_ranges  0x00000000000002f0       0x28 ./Src/main.o
 .debug_ranges  0x0000000000000318       0x20 ./Startup/startup_stm32f103c8tx.o

.debug_macro    0x0000000000000000      0xbe8
 .debug_macro   0x0000000000000000       0x88 ./Src/DMA_program.o
 .debug_macro   0x0000000000000088       0x3a ./Src/DMA_program.o
 .debug_macro   0x00000000000000c2      0x141 ./Src/DMA_program.o
 .debug_macro   0x0000000000000203       0x82 ./Src/DMA_program.o
 .debug_macro   0x0000000000000285       0x89 ./Src/EXTI_program.o
 .debug_macro   0x000000000000030e       0x88 ./Src/GPIO_program.o
 .debug_macro   0x0000000000000396       0x34 ./Src/GPIO_program.o
 .debug_macro   0x00000000000003ca       0xaf ./Src/LCD_program.o
 .debug_macro   0x0000000000000479       0x22 ./Src/LCD_program.o
 .debug_macro   0x000000000000049b       0x4c ./Src/LCD_program.o
 .debug_macro   0x00000000000004e7       0x8e ./Src/LCD_program.o
 .debug_macro   0x0000000000000575       0x9b ./Src/NVIC_program.o
 .debug_macro   0x0000000000000610       0x1c ./Src/NVIC_program.o
 .debug_macro   0x000000000000062c       0x88 ./Src/RCC_prog.o
 .debug_macro   0x00000000000006b4       0x28 ./Src/RCC_prog.o
 .debug_macro   0x00000000000006dc       0x9a ./Src/SPI_program.o
 .debug_macro   0x0000000000000776       0xca ./Src/SPI_program.o
 .debug_macro   0x0000000000000840       0x10 ./Src/SPI_program.o
 .debug_macro   0x0000000000000850       0x9b ./Src/STK_program.o
 .debug_macro   0x00000000000008eb       0x58 ./Src/STK_program.o
 .debug_macro   0x0000000000000943       0x9a ./Src/USART_program.o
 .debug_macro   0x00000000000009dd      0x11e ./Src/USART_program.o
 .debug_macro   0x0000000000000afb       0x1c ./Src/USART_program.o
 .debug_macro   0x0000000000000b17       0xd1 ./Src/main.o

.debug_line     0x0000000000000000     0x402e
 .debug_line    0x0000000000000000      0x70c ./Src/DMA_program.o
 .debug_line    0x000000000000070c      0x7d5 ./Src/EXTI_program.o
 .debug_line    0x0000000000000ee1      0x55a ./Src/GPIO_program.o
 .debug_line    0x000000000000143b      0x648 ./Src/LCD_program.o
 .debug_line    0x0000000000001a83      0x4fb ./Src/NVIC_program.o
 .debug_line    0x0000000000001f7e      0x564 ./Src/RCC_prog.o
 .debug_line    0x00000000000024e2      0x7d2 ./Src/SPI_program.o
 .debug_line    0x0000000000002cb4      0x57d ./Src/STK_program.o
 .debug_line    0x0000000000003231      0x801 ./Src/USART_program.o
 .debug_line    0x0000000000003a32      0x578 ./Src/main.o
 .debug_line    0x0000000000003faa       0x84 ./Startup/startup_stm32f103c8tx.o

.debug_str      0x0000000000000000     0x7556
 .debug_str     0x0000000000000000     0x4724 ./Src/DMA_program.o
                                       0x48d0 (size before relaxing)
 .debug_str     0x0000000000004724      0x3fb ./Src/EXTI_program.o
                                       0x4798 (size before relaxing)
 .debug_str     0x0000000000004b1f      0x284 ./Src/GPIO_program.o
                                       0x4681 (size before relaxing)
 .debug_str     0x0000000000004da3      0x71a ./Src/LCD_program.o
                                       0x4523 (size before relaxing)
 .debug_str     0x00000000000054bd      0x550 ./Src/NVIC_program.o
                                       0x4985 (size before relaxing)
 .debug_str     0x0000000000005a0d      0x73b ./Src/RCC_prog.o
                                       0x4ac9 (size before relaxing)
 .debug_str     0x0000000000006148      0x770 ./Src/SPI_program.o
                                       0x4bca (size before relaxing)
 .debug_str     0x00000000000068b8      0x274 ./Src/STK_program.o
                                       0x46fe (size before relaxing)
 .debug_str     0x0000000000006b2c      0x8f2 ./Src/USART_program.o
                                       0x4d70 (size before relaxing)
 .debug_str     0x000000000000741e      0x107 ./Src/main.o
                                       0x4b0c (size before relaxing)
 .debug_str     0x0000000000007525       0x31 ./Startup/startup_stm32f103c8tx.o
                                         0x73 (size before relaxing)

.comment        0x0000000000000000       0x50
 .comment       0x0000000000000000       0x50 ./Src/DMA_program.o
                                         0x51 (size before relaxing)
 .comment       0x0000000000000050       0x51 ./Src/EXTI_program.o
 .comment       0x0000000000000050       0x51 ./Src/GPIO_program.o
 .comment       0x0000000000000050       0x51 ./Src/LCD_program.o
 .comment       0x0000000000000050       0x51 ./Src/NVIC_program.o
 .comment       0x0000000000000050       0x51 ./Src/RCC_prog.o
 .comment       0x0000000000000050       0x51 ./Src/SPI_program.o
 .comment       0x0000000000000050       0x51 ./Src/STK_program.o
 .comment       0x0000000000000050       0x51 ./Src/USART_program.o
 .comment       0x0000000000000050       0x51 ./Src/main.o

.debug_frame    0x0000000000000000      0xd14
 .debug_frame   0x0000000000000000      0x198 ./Src/DMA_program.o
 .debug_frame   0x0000000000000198      0x214 ./Src/EXTI_program.o
 .debug_frame   0x00000000000003ac       0xb0 ./Src/GPIO_program.o
 .debug_frame   0x000000000000045c      0x144 ./Src/LCD_program.o
 .debug_frame   0x00000000000005a0      0x100 ./Src/NVIC_program.o
 .debug_frame   0x00000000000006a0      0x1a0 ./Src/RCC_prog.o
 .debug_frame   0x0000000000000840      0x128 ./Src/SPI_program.o
 .debug_frame   0x0000000000000968      0x154 ./Src/STK_program.o
 .debug_frame   0x0000000000000abc      0x1a0 ./Src/USART_program.o
 .debug_frame   0x0000000000000c5c       0x8c ./Src/main.o
 .debug_frame   0x0000000000000ce8       0x2c c:/st/stm32cubeide_1.11.2/stm32cubeide/plugins/com.st.stm32cube.ide.mcu.externaltools.gnu-tools-for-stm32.10.3-2021.10.win32_1.0.100.202210260954/tools/bin/../lib/gcc/arm-none-eabi/10.3.1/../../../../arm-none-eabi/lib/thumb/v7-m/nofp\libc_nano.a(lib_a-init.o)
