../Src/APP3_program.c:57:6:APP3_voidinit	72	static
../Src/APP3_program.c:96:6:APP3_voidTurnOnGreenLed	8	static
../Src/APP3_program.c:114:6:APP3_voidTurnOnRedLed	8	static
../Src/APP3_program.c:132:6:APP3_voidAlarmCompareMatch	16	static
../Src/APP3_program.c:153:6:APP3_voidDisplayTime	16	static
../Src/APP3_program.c:178:6:APP3_voidDisplayDate	16	static
../Src/APP3_program.c:203:6:APP3_voidSendAlarmName	16	static
../Src/APP3_program.c:216:13:NumberToString	16	static
../Src/APP3_program.c:229:17:DataToString	16	static
../Src/APP3_program.c:240:17:TimeToString	16	static
