../Src/DMA_program.c:13:9:DMA_u8Init	24	static
../Src/DMA_program.c:101:9:DMA_u8StartTransfer	32	static
../Src/DMA_program.c:153:6:DMA1_Stream0_IRQHandler	8	static
../Src/DMA_program.c:164:6:DMA1_Stream1_IRQHandler	8	static
../Src/DMA_program.c:176:6:DMA1_Stream2_IRQHandler	8	static
../Src/DMA_program.c:187:6:DMA1_Stream3_IRQHandler	8	static
../Src/DMA_program.c:199:6:DMA1_Stream4_IRQHandler	8	static
../Src/DMA_program.c:210:6:DMA1_Stream5_IRQHandler	8	static
../Src/DMA_program.c:221:6:DMA1_Stream6_IRQHandler	8	static
../Src/DMA_program.c:233:6:DMA1_Stream7_IRQHandler	8	static
../Src/DMA_program.c:246:6:DMA2_Stream0_IRQHandler	8	static
../Src/DMA_program.c:257:6:DMA2_Stream1_IRQHandler	8	static
../Src/DMA_program.c:268:6:DMA2_Stream2_IRQHandler	8	static
../Src/DMA_program.c:279:6:DMA2_Stream3_IRQHandler	8	static
../Src/DMA_program.c:289:6:DMA2_Stream4_IRQHandler	8	static
../Src/DMA_program.c:300:6:DMA2_Stream5_IRQHandler	8	static
../Src/DMA_program.c:310:6:DMA2_Stream6_IRQHandler	8	static
../Src/DMA_program.c:321:6:DMA2_Stream7_IRQHandler	8	static
