../Src/EXTI_program.c:16:9:EXTI_u8Init	24	static
../Src/EXTI_program.c:63:9:EXTI_u8SetTrigSrc	24	static
../Src/EXTI_program.c:94:9:EXTI_u8EnableInterrupt	24	static
../Src/EXTI_program.c:107:9:EXTI_u8DisableInterrupt	24	static
../Src/EXTI_program.c:120:9:EXTI_u8DoSoftwareInterrupt	24	static
../Src/EXTI_program.c:134:9:EXTI_u8ClearPendingFlag	24	static
../Src/EXTI_program.c:148:9:EXTI_u8ReadPendingFlag	24	static
../Src/EXTI_program.c:162:6:EXTI_voidReadAllPendingFlag	16	static
../Src/EXTI_program.c:167:6:EXTI0_IRQHandler	8	static
../Src/EXTI_program.c:175:6:EXTI1_IRQHandler	8	static
../Src/EXTI_program.c:183:6:EXTI2_IRQHandler	8	static
../Src/EXTI_program.c:191:6:EXTI3_IRQHandler	8	static
../Src/EXTI_program.c:199:6:EXTI4_IRQHandler	8	static
../Src/EXTI_program.c:207:6:EXTI9_5_IRQHandler	8	static
../Src/EXTI_program.c:245:6:EXTI15_10_IRQHandler	8	static
