../Src/I2C_program.c:50:9:MI2C_u8SetConfiguration	32	static
../Src/I2C_program.c:115:9:MI2C_u8SendSynch	40	static
../Src/I2C_program.c:169:9:MI2C_u8ReceiveSynch	40	static
../Src/I2C_program.c:217:9:MI2C_u8Transmit_DMA	40	static
../Src/I2C_program.c:258:9:MI2C_u8Receive_DMA	32	static
../Src/I2C_program.c:310:9:MI2C_u8DMArequests	24	static
../Src/I2C_program.c:352:21:MI2C_u8GetFlagStatus	40	static
../Src/I2C_program.c:442:16:MI2C_u8GenerateStop	24	static
../Src/I2C_program.c:471:16:MI2C_u8GenerateStart	24	static
../Src/I2C_program.c:503:16:MI2C_u8SendAddress	24	static
../Src/I2C_program.c:542:6:MI2C_voidResetI2C	16	static
../Src/I2C_program.c:547:16:MI2C_u8AcknowledgeConfig	24	static
../Src/I2C_program.c:562:6:MI2C_u8ACallbackTx	4	static
../Src/I2C_program.c:570:6:MI2C_u8ACallbackRx	8	static
